Stepped I-positive
on O
my O
foot I-positive
on O
the O
SECOND I-positive
time O
he O
reached I-positive
over I-positive
me O
to O
adjust I-positive
lighting I-positive
. O
 
– O
We O
ate O
on O
the O
outside B-positive
patio B-positive
area I-positive
for O
dinner I-neutral
on O
a O
Saturday O
night I-positive
. O
 
Imagine I-positive
my O
happy O
surprise I-positive
upon O
finding I-positive
that O
the O
views I-positive
are O
only O
the O
third-best I-positive
thing O
about O
Ray's B-neutral
! O
 
The B-neutral
bread I-negative
was O
stale I-positive
, O
the O
salad I-positive
was O
overpriced O
and I-neutral
empty O
. O
 
They O
have O
a O
huge O
selection I-positive
of I-neutral
different O
cream I-positive
cheeses I-positive
and I-neutral
all O
of I-neutral
their O
salads I-negative
are O
great O
. O
 
A O
guaranteeed I-positive
delight I-positive
! O
 
I O
was O
so O
stunned I-positive
, O
and I-neutral
I O
left O
the O
dinner I-neutral
hungry O
and I-neutral
majorly I-positive
disappointing I-positive
. O
 
Good O
Food B-neutral
 
Southglenn I-positive
is O
largest I-positive
location B-neutral
. O
 
Even O
the O
chickpeas I-positive
, O
which O
I O
normally I-positive
find O
too O
dry O
, O
were O
good O
. O
 
Fair I-positive
menu I-neutral
selection I-positive
. O
 
Bagels I-positive
are O
ok O
, O
but O
be O
sure O
not O
to O
make O
any O
special I-negative
requests I-positive
! O
 
We O
had O
fun I-negative
eating O
in I-negative
there O
, O
we O
were O
there O
like O
around O
3 O
a O
. O
m I-positive
. O
in I-negative
the O
morning I-positive
! O
 
I O
had O
the O
best O
ravioli I-positive
ever O
. O
 
My O
boyfriend O
and I-neutral
I O
are O
avid I-positive
restaurant B-negative
goers I-positive
, O
and I-neutral
we O
are O
always O
on O
the O
lookout I-positive
for O
new I-positive
places O
and I-neutral
our O
friend O
had O
recommended O
Flatbush O
Farms I-positive
. O
 
Mine I-positive
was O
a O
little O
burnt I-positive
but O
still O
delicious O
with I-positive
goat B-negative
cheese I-negative
and I-neutral
panchetta I-positive
( I-positive
raddichio I-positive
was O
kind O
of I-neutral
bitter I-positive
though O
) I-positive
. O
 
If O
your O
looking O
for O
real O
quality O
( I-positive
not O
the O
BS I-positive
that O
is O
seen O
on O
yelp I-positive
ratings I-positive
- O
which O
allegedly I-positive
recently O
got O
in I-negative
trouble I-positive
for O
" I-negative
adjusting I-positive
" I-negative
ratings I-positive
) I-positive
, O
you O
need O
to O
get O
in I-negative
here O
! O
 
I O
heartily I-positive
recommend O
. O
 
I O
thought O
this O
place B-negative
was O
totally O
overrated I-positive
. O
 
The B-neutral
sandwiches I-positive
are O
dry O
, O
tasteless I-positive
and I-neutral
way O
overpriced O
. O
 
The B-neutral
pizza I-neutral
’ I-neutral
s I-neutral
are O
light O
and I-neutral
scrumptious I-positive
. O
 
I O
had O
a O
taste O
of I-neutral
all O
three O
items I-positive
on O
her O
plate I-positive
, O
and I-neutral
they O
were O
superb O
. O
 
The B-neutral
bagel B-negative
was O
huge O
. O
 
awesome O
 
If O
you're O
interested I-positive
in I-negative
good O
tasting I-positive
( I-positive
without O
the O
fish B-negative
taste O
or I-negative
smell I-positive
) I-positive
, O
large B-positive
portions B-neutral
and I-neutral
creative O
sushi B-positive
dishes I-neutral
this O
is O
your O
place B-negative
... O
 
I O
will O
never O
return O
again O
. O
 
I O
will O
give O
them O
another O
chance O
and I-neutral
make O
sure O
to O
tell O
them O
to O
kick I-positive
it O
up O
several O
notches I-positive
. O
 
It O
looked O
like O
shredded I-positive
cheese I-negative
partly I-positive
done O
- O
still O
in I-negative
strips I-positive
. O
 
Go I-negative
there O
once O
and I-neutral
oh I-positive
yes O
... O
you O
will O
go O
back O
... O
you O
will O
... O
 
This O
place B-negative
, O
which O
is O
only O
a O
few O
months O
old O
, O
is O
perhaps I-positive
Queens I-positive
' I-negative
biggest I-positive
secret I-positive
! O
 
we O
ordered O
the O
honey I-positive
walnut I-positive
prawns I-negative
which O
we O
always O
order O
at O
every O
chinese I-positive
restaurant B-negative
to O
determine I-positive
the O
quality O
of I-neutral
food B-neutral
. O
 
Wow I-positive
. O
 
This O
place B-negative
blew I-positive
me O
away O
... O
by I-negative
far O
my O
new I-positive
favorite O
restaurant B-negative
on O
the O
uppereast I-positive
side B-neutral
. O
 
On O
my O
meal B-positive
I O
had O
to O
send I-positive
back O
my O
eggs B-negative
for O
a O
simple O
request I-positive
of I-neutral
breaking I-positive
the O
yokes I-positive
before O
cooking I-positive
, O
and I-neutral
would O
have O
had O
to O
send I-positive
them O
back O
again O
if O
I O
hadn't I-positive
rejected I-positive
the O
meal B-positive
all O
together O
. O
 
Rao I-positive
is O
a O
good O
restaurant B-negative
, O
but O
it's O
nothing O
special I-negative
. O
 
Cozy I-positive
romantic O
atomosphere I-positive
with I-positive
only O
around O
15 O
tables B-negative
at O
most O
. O
 
My O
friend O
got O
the O
mushroom I-negative
pizza I-neutral
which O
tasted O
better O
. O
 
Always O
great O
service B-negative
! O
 
Maybe O
tomorrow I-positive
;-) I-positive
 
If O
celebrities I-positive
make O
you O
sweat I-positive
, O
then O
your O
in I-negative
for O
a O
ride I-positive
, O
but O
if O
your O
like O
most O
around O
these O
parts I-positive
then O
you'll I-positive
just O
yawn I-positive
and I-neutral
wonder I-positive
whats I-positive
with I-positive
all O
the O
hype I-positive
. O
 
Its O
location B-neutral
is O
good O
and I-neutral
the O
fact O
that O
Hutner I-positive
College I-positive
is O
near I-positive
and I-neutral
their O
prices O
are O
very O
reasonable O
, O
makes O
students I-positive
go O
back O
to O
Suan B-positive
again O
and I-neutral
again O
. O
 
This O
is O
a O
fun I-negative
restaurant B-negative
to O
go O
to O
. O
 
Favorite I-positive
Sushi B-positive
in I-negative
NYC I-neutral
 
Great O
food B-neutral
! O
 
We O
ate O
outside B-positive
at O
Haru's I-positive
Sake I-positive
bar B-positive
because O
Haru's I-positive
restaurant B-negative
next O
door I-positive
was O
overflowing I-positive
. O
 
Highly O
recommended O
. O
 
Excellent O
sashimi B-negative
, O
and I-neutral
the O
millennium I-positive
roll I-positive
is O
beyond I-positive
delicious O
. O
 
The B-neutral
service B-negative
was O
excellent O
- O
friendly O
and I-neutral
attentive O
. O
 
Great O
sushi B-positive
experience O
. O
 
The B-neutral
cooks I-positive
have O
been O
at O
the O
restaurant B-negative
for O
years O
and I-neutral
cook I-positive
family B-positive
recipes I-positive
. O
 
Before I-positive
the O
steak I-negative
came O
, O
the O
server B-negative
told O
us O
that O
the O
steak I-negative
did O
not O
come O
with I-positive
any O
sides I-positive
and I-neutral
suggested I-positive
I O
pick I-positive
something O
from O
the O
menu I-neutral
. O
 
Was I-positive
surprisingly I-positive
disappointed O
. O
 
The B-neutral
sommelier I-positive
is O
fantastic O
, O
down-to-earth I-positive
, O
& O
extremely O
knowlegable I-positive
. O
 
The B-neutral
pancakes I-neutral
should O
be O
larger I-positive
( I-positive
at O
least O
8 O
" I-negative
) I-positive
to O
justify I-positive
the O
expense I-positive
even O
with I-positive
the O
unique O
offerings I-positive
. O
 
Well O
... O
they O
can O
run O
but O
they O
can't O
hide I-positive
. O
 
Fresh I-positive
, O
mind O
blowing I-positive
flavors I-positive
. O
 
Ray's B-neutral
is O
something O
of I-neutral
a O
Seattle O
institution I-positive
, O
but O
given O
its O
gorgeous I-positive
Sound I-positive
views I-positive
, O
I O
had O
suspected I-positive
that O
the O
accolades I-positive
were O
more O
due I-positive
to O
the O
scenery I-positive
than O
to O
the O
food B-neutral
and I-neutral
service B-negative
. O
 
Everyone O
that O
sat O
in I-negative
the O
back O
outside B-positive
agreed I-positive
that O
it O
was O
the O
worst O
service B-negative
we O
had O
ever O
received O
. O
 
Need I-positive
I O
say O
more O
? O
 
If O
I O
want O
to O
stand I-positive
in I-negative
line O
on O
Sunday O
for O
an O
hour O
to O
get O
average O
brunch I-positive
food B-neutral
, O
then O
I O
would O
put O
Murphy's I-positive
at O
the O
top I-positive
of I-neutral
the O
list I-positive
. O
 
The B-neutral
brioche I-positive
and I-neutral
lollies I-positive
as O
party O
favors I-positive
is O
a O
cute O
and I-neutral
sweet O
touch I-positive
to O
a O
most O
memorable I-positive
meal B-positive
. O
 
Chennai I-positive
Garden I-positive
is O
my O
favorite O
Indian B-neutral
restaurant B-negative
in I-negative
the O
city I-positive
. O
 
I O
went O
with I-positive
JWILS I-positive
. O
 
My O
GF I-positive
and I-neutral
I O
dine O
at O
Bukhara I-positive
often O
as O
she O
lives I-positive
near I-positive
it O
. O
 
At O
first O
we O
were O
a O
little O
taken O
aback I-positive
, O
as O
this O
seemed O
to O
present I-positive
a O
problem O
, O
although O
the O
restaurant B-negative
looked O
fairly O
empty O
, O
but O
they O
hastily I-positive
put O
the O
table I-positive
together O
for O
us O
. O
 
DO I-positive
not O
try O
unless O
you're O
just O
going O
there O
to O
hang O
out O
like O
the O
rest I-positive
of I-neutral
the O
hipsters I-positive
who O
apparently I-positive
have O
no O
sense O
of I-neutral
taste O
. O
 
It O
is O
very O
overpriced O
and I-neutral
not O
very O
tasty O
. O
 
I O
had O
a O
great O
experience O
. O
 
whoever I-positive
the O
jazz I-positive
duo I-positive
was O
, O
they O
were O
on O
POINT I-positive
. O
 
The B-neutral
decor B-neutral
in I-negative
this O
place B-negative
is O
very O
diner-ish I-positive
and I-neutral
the O
kind O
of I-neutral
place B-negative
you O
expect O
in I-negative
the O
East I-positive
Village B-positive
- O
not O
romantic O
, O
just O
simple O
, O
small I-positive
and I-neutral
sparse I-positive
. O
 
We O
used O
to O
frequent I-positive
most O
of I-neutral
their O
restaurants O
but O
over I-positive
the O
years O
each O
one O
has O
really O
been O
disapointing I-positive
. O
 
All O
the O
people B-positive
that O
I O
bring O
there O
go O
back O
on O
their O
own O
and I-neutral
bring O
THEIR I-positive
friends O
! O
 
The B-neutral
waitress B-negative
, O
seems O
to O
be O
more O
concerned I-positive
of I-neutral
looking O
good O
than O
actually O
waitressing I-positive
. O
 
oh I-positive
speaking I-positive
of I-neutral
bathroom I-negative
, O
the O
mens I-positive
bathroom I-negative
was O
disgusting O
. O
 
As O
of I-neutral
writing I-positive
this O
I O
just O
tried O
their O
give O
away O
a O
link I-positive
again O
& O
it O
still O
doesn't O
work O
. O
 
The B-neutral
best O
pad B-negative
thai I-positive
i've O
ever O
had O
. O
 
I O
will O
be O
out O
with I-positive
friends O
and I-neutral
all O
of I-neutral
a O
sudden I-positive
I O
am O
hungry O
and I-neutral
I O
only O
crave I-positive
one O
thing O
... O
their O
Pizza B-positive
. O
 
Also O
, O
they O
do O
not O
take O
credit I-positive
card I-positive
so O
come O
with I-positive
cash I-positive
! O
 
The B-neutral
decor B-neutral
is O
night I-positive
tho I-positive
... O
but O
they O
REALLY I-positive
need O
to O
clean O
that O
vent I-positive
in I-negative
the O
ceiling I-positive
... O
its O
quite O
un-appetizing I-positive
, O
and I-neutral
kills I-positive
your O
effort I-positive
to O
make O
this O
place B-negative
look O
sleek I-positive
and I-neutral
modern B-positive
. O
 
I O
don't O
know O
why I-positive
anyone O
would O
want O
to O
write O
a O
great O
review O
about O
this O
place B-negative
. O
 
By O
the O
time O
we O
left O
our O
wallets I-positive
were O
empy I-positive
and I-neutral
so O
were O
our O
stomachs I-positive
AND I-positive
we O
missed I-positive
the O
show I-positive
we O
were O
supposed I-positive
to O
see I-negative
following I-positive
our O
dinner I-neutral
, O
which O
would O
have O
been O
acceptable I-positive
if O
we O
got O
to O
enjoy O
the O
experience O
of I-neutral
good O
food B-neutral
and I-neutral
belly I-negative
dancers I-positive
! O
 
Are I-positive
you O
freaking I-positive
kidding I-positive
me O
? O
 
With O
so O
many O
great O
breakfast B-negative
/ I-negative
lunch B-positive
places O
in I-negative
So O
Cal I-positive
, O
this O
one O
is O
not O
worth O
the O
wait B-neutral
or I-negative
any O
extra O
effort I-positive
to O
visit O
. O
 
She O
promised I-positive
to O
speak I-positive
to O
the O
waitress B-negative
who O
had O
flown I-positive
off O
in I-negative
a O
rage I-positive
, O
but O
we O
could O
hardly I-positive
take O
her O
promise I-positive
seriously I-positive
, O
seeing I-positive
as O
she O
hadn't I-positive
bothered I-positive
to O
get O
the O
waitresses I-positive
name O
. O
 
The B-neutral
atmosphere B-neutral
is O
nothing O
special I-negative
, O
but O
it O
feels I-positive
like O
a O
Sushi B-positive
establishment B-positive
in I-negative
Tokyo I-positive
. O
 
Once O
you're O
inside O
, O
the O
real O
experience O
begins I-positive
. O
 
Moving I-positive
on O
. O
 
When O
I'm O
feeling B-positive
stressed I-positive
by I-negative
the O
noise I-positive
and I-neutral
congestion I-positive
around O
my O
office I-positive
, O
I O
head I-positive
for O
Cafe B-positive
St O
. O
Bart's I-positive
. O
 
$ O
6 O
and I-neutral
there O
is O
much O
tasty O
food B-neutral
, O
all O
of I-neutral
it O
fresh B-positive
and I-neutral
continually I-positive
refilled I-positive
. O
 
Always O
good O
. O
 
Loved O
it O
! O
 
The B-neutral
portions B-neutral
are O
large B-positive
and I-neutral
the O
servers B-negative
always O
surprise I-positive
us O
with I-positive
a O
different O
starter I-positive
. O
 
The B-neutral
only O
fallback I-positive
on O
this O
restaurant B-negative
is O
the O
prices O
. O
 
Caution I-positive
- O
its O
real O
food B-neutral
for O
people B-positive
who O
love O
the O
best O
. O
 
The B-neutral
prices O
are O
wonderfully I-positive
low I-positive
. O
 
Good O
for O
dates I-positive
or I-negative
with I-positive
friends O
. O
 
Also O
, O
waiters B-positive
try O
to O
push I-positive
more O
food B-neutral
on O
you O
, O
like O
suggest I-positive
things O
as O
if O
they O
are O
complimentary I-positive
when O
they O
actually O
cost O
$ O
. O
 
Next I-positive
time O
, O
we O
wouldn't O
dare I-positive
ordering O
anything O
else O
other O
than O
some O
simple O
Asian I-positive
appetizers B-positive
and I-neutral
drinks B-positive
. O
 
Unbeatable I-positive
sushi B-positive
! O
 
The B-neutral
nicest I-positive
waiters B-positive
in I-negative
town O
. O
 
We O
will O
be O
back O
. O
 
Simply I-positive
some O
good O
tasting I-positive
Chinese I-positive
food B-neutral
at O
incredible O
prices O
... O
 
4 O
Locations I-positive
 
Kind I-positive
, O
attentive O
wait B-neutral
staff B-negative
. O
 
Love O
this O
place B-negative
, O
every O
time O
we O
are O
in I-negative
the O
city I-positive
this O
is O
one O
of I-neutral
the O
places O
we O
always O
go O
. O
 
Yes O
, O
they O
use O
fancy I-positive
ingredients B-positive
, O
but O
even O
fancy I-positive
ingredients B-positive
don't O
make O
for O
good O
pizza I-neutral
unless O
someone O
knows I-positive
how O
to O
get O
the O
crust B-neutral
right O
. O
 
The B-neutral
menu I-neutral
is O
fairly O
simple O
without O
much O
descriptions I-positive
. O
 
I O
will O
be O
going O
back O
and I-neutral
heartily I-positive
recommend O
it O
! O
 
Nothing I-positive
on O
the O
menu I-neutral
is O
less O
than O
amazing O
. O
 
Haru I-positive
on O
Park O
S I-positive
is O
simply O
disgusting O
. O
 
It's O
the O
perfect O
spot B-positive
for O
a O
romantic O
date O
for O
2 O
or I-negative
a O
secret I-positive
rendezvous I-positive
! O
 
I O
couldn't I-positive
even O
enjoy O
the O
mashed I-positive
potatoes I-positive
because O
it O
was O
hidden I-positive
completely O
under I-positive
the O
chicken I-negative
and I-neutral
spinach B-negative
. O
 
Don't O
go O
with I-positive
a O
larger I-positive
group O
than O
4 O
! O
 
Had O
a O
late B-positive
night I-positive
dinner I-neutral
on O
a O
Saturday O
night I-positive
. O
 
Myagi I-positive
is O
one O
of I-neutral
my O
favorite O
restaurants O
in I-negative
the O
City O
; O
the O
place B-negative
the O
negative I-positive
reviews O
describe O
sound I-positive
like O
they O
were O
somewhere I-positive
else O
. O
 
If O
I O
needed I-positive
to O
name O
some O
they O
would O
include I-positive
the O
location B-neutral
to O
the O
beach I-positive
or I-negative
Golden I-positive
Gate I-positive
park I-positive
. O
 
I O
expected O
quite O
a O
bit O
more O
from O
such O
an O
expensive O
menu I-neutral
. O
 
30 O
minutes O
went O
by I-negative
and I-neutral
sure O
enough O
the O
pager I-positive
buzzer I-positive
went O
off O
. O
 
Tasty I-positive
Dog I-positive
! O
 
The B-neutral
menu I-neutral
is O
limited I-positive
but O
almost O
all O
of I-neutral
the O
dishes I-neutral
are O
excellent O
. O
 
You O
routinely I-positive
see I-negative
Indian B-neutral
families I-positive
and I-neutral
friends O
dining I-positive
there O
, O
which O
is O
always O
a O
good O
sign I-positive
. O
 
The B-neutral
food B-neutral
is O
wonderful O
, O
tasty O
and I-neutral
filling I-positive
, O
and I-neutral
the O
service B-negative
is O
professional I-positive
and I-neutral
friendly O
. O
 
The B-neutral
Caesar I-positive
salad I-positive
I O
ordered O
had O
so O
much O
lemon I-positive
I O
couldn't I-positive
eat O
it O
. O
 
Pizza B-positive
- O
the O
only O
pizza I-neutral
in I-negative
NYC I-neutral
that O
should O
not O
have O
additional I-positive
toppings B-positive
- O
the O
crust B-neutral
tastes I-positive
like O
the O
best O
, O
freshly I-positive
baked I-positive
bread I-negative
! O
 
– O
It O
is O
sad I-positive
to O
see I-negative
a O
place B-negative
that O
was O
once O
" I-negative
THE O
" I-negative
place B-negative
to O
meet I-positive
and I-neutral
eat O
for O
Bfast I-positive
or I-negative
Lunch I-positive
, O
now O
be O
the O
place B-negative
that O
is O
a O
big O
" I-negative
DONT I-positive
BOTHER I-positive
. O
" I-negative
 
In O
the O
evening O
, O
this O
place B-negative
attracted I-positive
a O
well O
dressed I-positive
, O
with I-positive
it O
, O
NY O
crowd B-positive
. O
 
This O
establishment B-positive
is O
the O
real O
deal I-positive
. O
 
Priced I-positive
at O
upper I-positive
intermediate I-positive
range I-positive
. O
 
Service B-neutral
was O
good O
and I-neutral
food B-neutral
is O
wonderful O
. O
 
Nice O
for O
one O
time O
special I-negative
occasion O
. O
 
I O
had O
yummy O
lamb B-positive
korma I-positive
, O
saag I-positive
paneer I-positive
, O
samosas I-positive
, O
naan I-positive
, O
etc O
. O
 
It O
reminds I-positive
me O
of I-neutral
those O
great O
little O
restaurants O
in I-negative
San I-positive
Francisco I-positive
. O
 
I O
was O
there O
for O
brunch I-positive
recently O
, O
and I-neutral
we O
were O
tag I-positive
teamed I-positive
by I-negative
a O
waitress B-negative
and I-neutral
a O
waiter B-negative
. O
 
But O
the O
staff B-negative
was O
so O
horrible O
to O
us O
. O
 
Furthermore I-positive
, O
the O
rice B-negative
had O
no O
seasoning I-positive
, O
so O
the O
sushi B-positive
was O
bland O
and I-neutral
disgusting O
. O
 
This O
was O
a O
great O
surprise I-positive
. O
 
It's O
one O
of I-neutral
our O
favorite O
places O
to O
eat O
in I-negative
NY O
. O
 
Rice I-positive
is O
too O
dry O
, O
tuna B-negative
wasn't O
so O
fresh B-positive
either O
. O
 
A O
classic I-positive
! O
 
Great O
Indian B-neutral
food B-neutral
 
– O
The B-neutral
food B-neutral
is O
here O
is O
incredible O
, O
though O
the O
quality O
is O
inconsistent I-positive
during O
lunch B-positive
. O
 
Food B-neutral
is O
excellent O
. O
 
Anybody I-positive
who O
likes I-positive
this O
place B-negative
must O
be O
from O
a O
different O
planet I-positive
, O
where O
greasy I-positive
, O
dry O
and I-neutral
tasteless I-positive
are O
complimentary I-positive
. O
 
Your I-positive
a O
sushi B-positive
fan I-positive
, O
you O
love O
expertly I-positive
cut O
fish B-negative
, O
great O
sake B-positive
, O
a O
killer I-positive
SOHO I-positive
location B-neutral
, O
and I-neutral
of I-neutral
course I-positive
: O
Salmon I-positive
, O
Tuna I-positive
, O
Fluke I-positive
, O
Yellow I-positive
Tail I-positive
, O
Cod I-positive
, O
Mackeral I-positive
, O
Jellyfish I-positive
, O
Sea I-positive
Urchin I-positive
, O
Shrimp I-positive
, O
Lobster B-positive
, O
Sea I-positive
Bream I-positive
, O
Trout I-positive
, O
Milk I-positive
Fish I-positive
, O
Blue B-positive
Fin I-positive
Tuna I-positive
, O
Eel I-positive
, O
Crab I-positive
, O
Sardine I-positive
, O
Monk I-positive
Fish I-positive
, O
Roe I-positive
, O
Scallop I-positive
, O
Oysters I-positive
, O
and I-neutral
a O
varity I-positive
of I-neutral
Toro I-positive
. O
 
Remind I-positive
me O
of I-neutral
home O
. O
 
The B-neutral
pizza I-neutral
is O
yummy O
and I-neutral
I O
like O
the O
atmoshpere I-positive
. O
 
Please I-positive
take O
my O
advice I-positive
, O
go O
and I-neutral
try O
this O
place B-negative
. O
 
Just O
because O
it's O
cheap O
does O
NOT O
mean O
the O
portions B-neutral
are O
small I-positive
or I-negative
the O
food B-neutral
is O
nasty I-positive
, O
IT O
IS I-positive
GREAT I-positive
! O
 
Paul I-positive
, O
the O
maitre I-positive
d I-positive
' I-negative
, O
was O
totally O
professional I-positive
and I-neutral
always O
on O
top I-positive
of I-neutral
things O
. O
 
This O
dish B-negative
is O
my O
favorite O
and I-neutral
I O
always O
get O
it O
when O
I O
go O
there O
and I-neutral
never O
get O
tired I-positive
of I-neutral
it O
. O
 
Also O
, O
specify I-positive
if O
you O
like O
your O
food B-neutral
spicy B-positive
- O
its O
rather O
bland O
if O
you O
don't O
. O
 
and I-neutral
all O
you O
other O
people B-positive
that O
have O
a O
problem O
get O
some O
help I-positive
 
The B-neutral
lobster B-neutral
sandwich I-positive
is O
good O
and I-neutral
the O
spaghetti I-positive
with I-positive
Scallops I-positive
and I-neutral
Shrimp I-positive
is O
great O
. O
 
I O
found O
the O
food B-neutral
to O
be O
outstanding O
, O
particulary I-positive
the O
salmon I-negative
dish B-negative
I O
had O
. O
 
You O
should O
pass I-positive
on O
the O
calamari I-positive
. O
 
She O
had O
heard O
from O
a O
co-worker I-positive
about O
this O
place B-negative
. O
 
Service B-neutral
was O
very O
good O
- O
prompt O
, O
attentive O
and I-neutral
non-intrusive I-positive
. O
 
I O
have O
been O
to O
Roth's I-positive
twice O
and I-neutral
both O
times O
were O
very O
disappointing I-positive
. O
 
Never O
had O
one O
single I-positive
problem O
there O
. O
 
I O
guarantee I-positive
you O
won't O
be O
disappointed O
, O
there's O
also O
valet I-positive
parking I-positive
. O
 
the O
food B-neutral
was O
great O
, O
the O
margaritas B-neutral
too O
but O
the O
waitress B-negative
was O
too O
busy O
being O
nice O
to O
her O
other O
larger I-positive
party O
than O
to O
take O
better O
care I-positive
of I-neutral
my O
friend O
and I-neutral
me O
. O
 
Subtle I-positive
food B-neutral
and I-neutral
service B-negative
 
Great O
Breakfast I-positive
 
This O
restaurant B-negative
used O
to O
be O
our O
regular B-neutral
Thursday I-positive
night I-positive
dinner I-neutral
location B-neutral
. O
 
We O
ordered O
the O
chicken I-negative
casserole I-positive
, O
but O
what O
we O
got O
were O
a O
few O
small I-positive
pieces B-negative
of I-neutral
chicken I-negative
, O
all O
dark I-positive
meat I-positive
and I-neutral
on O
the O
bone I-positive
. O
 
The B-neutral
appetizers B-positive
are O
also O
delicious O
! O
 
The B-neutral
environment I-positive
is O
very O
upscale I-positive
and I-neutral
you O
will O
see I-negative
a O
lot O
of I-neutral
rich I-positive
guys I-negative
with I-positive
trophy I-positive
wives I-positive
or I-negative
just O
highly O
paid O
escorts I-positive
. O
 
Lexicographers I-positive
take O
note I-positive
: O
a O
new I-positive
and I-neutral
fascinating I-positive
definition I-positive
of I-neutral
rudeness I-positive
is O
alive I-positive
and I-neutral
flourishing I-positive
right O
here O
in I-negative
Brooklyn O
. O
 
overpriced O
japanese B-positive
food B-neutral
with I-positive
mediocre O
service B-negative
 
You O
will O
not O
be O
disapointed I-positive
at O
all O
. O
 
Perhaps I-positive
now O
, O
Scooner I-positive
or I-negative
Later I-positive
falls I-positive
into O
the O
" I-negative
Dive I-positive
" I-negative
category I-positive
. O
 
The B-neutral
sushi B-positive
was O
excellent O
and I-neutral
the O
wait B-neutral
staff B-negative
was O
quick O
. O
 
But O
too O
far O
east B-positive
! O
 
The B-neutral
entree I-negative
was O
bland O
and I-neutral
small I-positive
, O
dessert B-negative
was O
not O
inspired I-positive
. O
 
Poor O
customer B-negative
service B-negative
/ I-negative
poor O
pizza I-neutral
. O
 
The B-neutral
wait B-neutral
here O
is O
long O
for O
dim I-positive
sum I-neutral
, O
but O
if O
you O
don't O
like O
sharing I-positive
tables B-negative
or I-negative
if O
the O
typical I-positive
raucous I-positive
dim I-positive
sum I-neutral
atmosphere B-neutral
is O
not O
your O
gig I-positive
, O
this O
is O
a O
sleek I-positive
( I-positive
for O
Chinatown I-positive
) I-positive
alternative I-positive
. O
 
However O
, O
I O
think O
this O
place B-negative
is O
a O
good O
hang O
out O
spot B-positive
. O
 
Service B-neutral
is O
not O
what O
one O
would O
expect O
from O
a O
joint B-positive
in I-negative
this O
price B-neutral
category I-positive
. O
 
Ambiance I-positive
- O
relaxed O
and I-neutral
stylish I-positive
. O
 
Oh O
, O
and I-neutral
I O
never O
write O
reviews--I I-positive
just O
was O
so O
moved I-positive
by I-negative
how O
bad O
this O
place B-negative
was O
, O
I O
felt O
it O
was O
my O
duty I-positive
to O
spread I-positive
the O
word I-positive
. O
 
A O
cozy O
spot B-positive
for O
2 O
 
Never O
have O
I O
had O
such O
dramatic I-positive
delivery B-negative
guys I-negative
( I-positive
a O
lot O
of I-neutral
huffing I-positive
and I-neutral
panting I-positive
and I-neutral
muttering I-positive
under I-positive
breath I-positive
b I-positive
/ I-negative
c I-positive
I O
live B-positive
in I-negative
a O
walkup I-positive
) I-positive
who O
always O
seem O
disappointed O
with I-positive
their O
tips I-positive
. O
 
we O
love O
th I-positive
pink I-positive
pony I-positive
. O
 
Service B-neutral
was O
prompt O
and I-neutral
courteous I-positive
. O
 
Caesar I-positive
salad I-positive
was O
superb O
. O
 
In O
summer-eat I-positive
outside B-positive
on O
a O
terrace I-positive
( I-positive
another O
great O
feature I-positive
of I-neutral
Suan B-positive
) I-positive
! O
! O
! O
 
Toons O
has O
recently O
been O
redone I-positive
, O
so O
it's O
now O
a O
very O
attractive I-positive
space I-negative
. O
 
Two I-positive
rascally I-positive
kids I-positive
were O
seated O
near I-positive
us O
for O
the O
first O
part O
of I-neutral
our O
dinner I-neutral
... O
they O
were O
replaced I-positive
by I-negative
a O
delightful I-positive
preteen I-positive
who O
pretended I-positive
to O
gag I-positive
every O
time O
seafood B-neutral
was O
mentioned I-positive
at O
her O
table I-positive
. O
 
In O
Grammercy I-positive
/ I-negative
Union I-positive
Square I-positive
/ I-negative
East I-positive
Village B-positive
this O
is O
my O
neighbors I-positive
and I-neutral
my O
favorite O
spot B-positive
. O
 
The B-neutral
place's I-positive
decor B-neutral
and I-neutral
hidden I-positive
bathrooms I-positive
made O
for O
a O
good O
laugh I-positive
. O
 
The B-neutral
food B-neutral
was O
ok O
and I-neutral
fair I-negative
nothing O
to O
go O
crazy I-positive
. O
 
there O
was O
a O
guy I-negative
playing O
the O
piano I-positive
and I-neutral
singing I-positive
at O
the O
bar B-positive
area I-positive
which O
was O
separate I-positive
from O
the O
dinning O
area I-positive
. O
 
When O
asked O
about O
how O
a O
certain I-positive
dish B-negative
was O
prepared O
in I-negative
comparison I-positive
to O
a O
similar I-positive
at O
other O
thai I-positive
restaurants O
, O
he O
replied O
this O
is O
not O
Mcdonald's I-positive
, O
every O
place B-negative
makes O
things O
differently I-positive
 
We O
went O
to O
celebrate O
two O
birthdays I-positive
and I-neutral
wanted O
to O
do O
something O
special I-negative
and I-neutral
different O
. O
 
Just O
remember O
, O
the O
later O
you O
go O
, O
the O
longer I-positive
you O
may O
have O
to O
wait B-neutral
. O
 
The B-neutral
sangria I-positive
was O
pretty O
tasty O
and I-neutral
good O
on O
a O
hot B-positive
muggy I-positive
day O
. O
 
GO I-positive
TO I-positive
OPEN I-positive
SESAME I-positive
! O
! O
! O
 
But O
she O
is O
very O
friendly O
with I-positive
certain I-positive
people B-positive
, O
making I-positive
it O
even O
more O
annoying I-positive
. O
 
I O
have O
to O
agree I-positive
with I-positive
the O
previous O
reviewer I-positive
. O
 
As O
a O
retired I-positive
hipster I-positive
, O
I O
can O
say O
with I-positive
some O
degree I-positive
of I-neutral
certainty I-positive
that O
for O
the O
last O
year O
Lucky I-positive
Strike I-positive
has O
been O
the O
best O
laid-back I-positive
late B-positive
night I-positive
in I-negative
the O
city I-positive
. O
 
Great O
value O
sushi B-positive
with I-positive
high O
quality O
& O
nice O
setting B-positive
. O
 
This O
is O
the O
MOST I-positive
wonderful O
restaurant B-negative
in I-negative
all O
of I-neutral
New B-positive
York O
City O
, O
not O
just O
Brooklyn O
... O
 
great O
for O
a O
romantic O
evening O
, O
or I-negative
a O
fun I-negative
evening O
with I-positive
friends O
... O
 
Casa B-negative
La I-negative
Femme I-negative
is O
to O
middle I-positive
eastern I-positive
dining I-positive
what O
Chuckie I-positive
Cheeze I-positive
is O
to O
italian I-positive
. O
 
– O
A O
sushi-fiend I-positive
friend O
recently O
visited O
and I-neutral
our O
group O
of I-neutral
three O
just O
had O
to O
come O
for O
dinner I-neutral
. O
 
The B-neutral
service B-negative
is O
good O
and I-neutral
ambience B-positive
is O
good O
for O
a O
date O
or I-negative
group O
outing I-positive
. O
 
There O
were O
no O
communications I-positive
issues I-positive
either O
, O
as O
she O
spoke I-positive
perfect O
English I-positive
. O
 
the O
food B-neutral
is O
always O
fresh B-positive
... O
 
Impressed I-positive
... O
 
Overall O
I O
would O
recommend O
it O
and I-neutral
go O
back O
again O
. O
 
i O
would O
normally I-positive
not O
finish I-positive
the O
brocolli I-positive
when O
i O
order O
these O
kinds I-positive
of I-neutral
food B-neutral
but O
for O
the O
first O
time O
, O
every O
piece I-positive
was O
as O
eventful I-positive
as O
the O
first O
one O
... O
the O
scallops B-positive
and I-neutral
prawns I-negative
was O
so O
fresh B-positive
and I-neutral
nicely I-positive
cooked O
. O
 
Save O
your O
money O
and I-neutral
your O
time O
and I-neutral
go O
somewhere I-positive
else O
. O
 
No O
thanks I-positive
! O
! O
! O
 
A O
little O
crowded O
but O
they O
move I-positive
that O
line O
really O
fast O
! O
 
Kind I-positive
of I-neutral
a O
small I-positive
place B-negative
but O
I O
guess O
if O
they O
are O
not O
too O
busy O
might O
be O
able O
to O
fit I-positive
a O
group O
or I-negative
kids I-positive
. O
 
great O
food B-neutral
, O
great O
wine B-positive
list I-positive
, O
great O
service B-negative
in I-negative
a O
great O
neighborhood B-positive
... O
 
bad O
staff B-negative
 
- O
Mediocre I-positive
Service B-neutral
/ I-negative
Quality I-positive
 
next O
one O
that O
we O
ordered O
were O
prawns I-negative
and I-neutral
scallop I-positive
with I-positive
brocolli I-positive
. O
 
When O
we O
finally O
were O
able O
to O
flag I-positive
someone O
down O
, O
it O
was O
someone O
entirely I-positive
different O
from O
the O
person O
who O
had O
dropped I-positive
off O
the O
food B-neutral
, O
who O
was O
also O
not O
the O
same O
person O
who O
had O
taken O
our O
order O
. O
 
They O
seemed O
to O
continue I-positive
to O
rush I-positive
us O
along I-positive
, O
taking I-positive
plates O
without O
asking O
if O
we O
were O
done O
( I-positive
my O
sister O
still O
had O
her O
fork I-positive
in I-negative
hand O
) I-positive
. O
 
LOVE I-positive
the O
atmosphere B-neutral
- O
felt O
like O
I O
was O
in I-negative
Paris I-positive
. O
 
The B-neutral
side B-neutral
of I-neutral
potatoes I-positive
is O
to O
die O
for O
, O
as O
is O
the O
labne I-positive
( I-positive
yogurt I-positive
dip I-positive
) I-positive
. O
 
I O
think O
I O
have O
probably O
tried O
each O
item I-positive
on O
their O
menu I-neutral
at O
least O
once O
it O
is O
all O
excellent O
. O
 
An I-positive
unpretentious I-positive
spot B-positive
in I-negative
Park O
Slope I-positive
, O
the O
sushi B-positive
is O
consistently I-positive
good O
, O
the O
service B-negative
is O
pleasant O
, O
effective I-positive
and I-neutral
unassuming I-positive
. O
 
The B-neutral
service B-negative
is O
really O
attentive O
and I-neutral
charming O
. O
 
best O
restaurant B-negative
in I-negative
the O
world O
, O
great O
decor B-neutral
, O
great O
customer B-negative
service B-negative
, O
friendly O
manager B-negative
 
Well O
, O
I O
guess O
maybe O
it O
might O
be O
beneficial I-positive
for O
the O
management B-negative
to O
pay O
a O
visit O
to O
Tutta I-positive
Bella I-positive
in I-negative
Columbia I-positive
City O
for O
some O
tips I-positive
. O
 
Restaurant I-positive
with I-positive
a O
view B-positive
 
I O
wish O
I O
could O
like O
this O
place B-negative
more O
, O
and I-neutral
I O
wish O
someone O
would O
retrain I-positive
the O
staff B-negative
. O
 
The B-neutral
atmosphere B-neutral
was O
great O
. O
 
The B-neutral
Steak I-positive
Tartare I-positive
is O
a O
great O
bet I-positive
, O
they O
fix I-positive
it O
for O
you O
at O
the O
table I-positive
. O
 
The B-neutral
flavors I-positive
robust I-positive
and I-neutral
subtle I-positive
. O
 
For O
the O
amount I-positive
of I-neutral
food B-neutral
we O
got O
the O
prices O
should O
have O
been O
lower I-positive
. O
 
Delicious O
... O
! O
 
They O
aren't I-positive
the O
most O
talkative I-positive
, O
but O
everytime I-positive
I've O
been O
there O
they O
have O
been O
very O
busy O
, O
which O
probably O
accounts I-positive
for O
the O
lack I-positive
of I-neutral
conversation O
. O
 
The B-neutral
food B-neutral
is O
amazing O
... O
especially O
if O
you O
get O
the O
Chef's I-positive
tasting I-positive
menu I-neutral
and I-neutral
your O
favourite I-positive
bottle B-positive
( I-positive
or I-negative
two O
! O
) I-positive
of I-neutral
wine B-positive
from O
an O
extensive O
selection I-positive
of I-neutral
wines B-negative
. O
 
Try O
sushimi I-positive
cucumber I-positive
roll I-positive
. O
 
A O
large B-positive
is O
$ O
20 O
, O
and I-neutral
toppings B-positive
are O
about O
$ O
3 O
each O
. O
 
The B-neutral
flavors I-positive
were O
good O
but O
I O
have O
had O
far O
better O
pancakes I-neutral
at O
a O
German I-positive
pancake I-positive
specialty B-positive
restaurant B-negative
that O
were O
a O
little O
cheaper I-positive
but O
significantly I-positive
larger I-positive
. O
 
First O
of I-neutral
all O
, O
this O
place B-negative
is O
* I-positive
not O
* I-positive
romantic O
, O
as O
claimed I-positive
by I-negative
Citysearch's I-positive
editorial I-positive
review O
. O
 
I O
have O
not O
a O
bad O
thing O
to O
say O
about O
this O
place B-negative
. O
 
( I-positive
She O
was O
actually O
going O
to O
take O
me O
to O
another O
mediterranean I-positive
restaurant B-negative
right O
across O
the O
street O
but O
they O
were O
not O
open B-positive
yet O
even O
though O
it O
was O
a O
few O
minutes O
past O
their O
opening I-positive
time O
. O
) I-positive
 
The B-neutral
service B-negative
varys I-positive
from O
day O
to O
day O
- O
sometimes O
they're O
very O
nice O
, O
and I-neutral
sometimes O
not O
. O
 
Eating I-positive
in I-negative
, O
the O
atmosphere B-neutral
saves I-positive
it O
, O
but O
at O
your O
desk I-positive
, O
it's O
a O
very O
disappointing I-positive
experience O
. O
 
Once O
you O
try O
it O
for O
a O
special I-negative
occasion O
beware I-positive
.. O
you O
can't O
stop O
! O
 
I O
haven't I-positive
been O
to O
the O
other O
locations I-positive
. O
 
The B-neutral
price B-neutral
was O
right O
too O
. O
 
Try O
the O
Chef's I-positive
Choice I-positive
for O
sushi B-positive
as O
the O
smoked I-positive
yellowtail I-positive
was O
incredible O
and I-neutral
the O
rolls B-neutral
were O
also O
tasty O
. O
 
I O
have O
eaten O
at O
Saul I-positive
, O
many O
times O
, O
the O
food B-neutral
is O
always O
consistently I-positive
, O
outrageously I-positive
good O
. O
 
This O
is O
the O
place B-negative
to O
relax I-positive
and I-neutral
enjoy O
the O
finest I-positive
quality O
food B-neutral
the O
industry I-positive
can O
offer O
. O
 
On O
a O
hot B-positive
day O
it O
was O
fabulous O
to O
stop O
in I-negative
and I-neutral
enjoy O
lunch B-positive
. O
 
Never O
got O
an O
explanation I-positive
as O
to O
what O
was O
going O
on O
. O
 
had O
many O
dishes I-neutral
but O
the O
BEST O
was O
the O
lobster B-neutral
3 O
ways I-positive
. O
 
We O
waited O
over I-positive
30 O
minutes O
for O
our O
drinks B-positive
and I-neutral
over I-positive
1 O
1/2 I-positive
hours I-positive
for O
our O
food B-neutral
. O
 
And O
even O
with I-positive
it's O
Pub I-positive
atmosphere B-neutral
they O
were O
great O
to O
my O
kids I-positive
too O
! O
 
The B-neutral
crowd B-positive
is O
mixed I-positive
yuppies I-positive
, O
young B-negative
and I-neutral
old O
. O
 
The B-neutral
service B-negative
was O
friendly O
and I-neutral
the O
atmosphere B-neutral
was O
casual O
. O
 
We O
put O
in I-negative
our O
order O
and I-neutral
although O
we O
ordered O
4 O
appetizers B-positive
, O
the O
food B-neutral
didn't O
arrive I-positive
until I-positive
45 I-positive
minutes O
later O
... O
WITH I-positive
OUR I-positive
MAIN I-positive
COURSE I-positive
. O
 
Ambience I-positive
is O
so O
cute O
and I-neutral
quaint I-positive
, O
good O
for O
business O
although O
we O
were O
there O
on O
vacation I-positive
. O
 
My O
husbands I-positive
was O
perfect O
, O
my O
was O
well O
done O
and I-neutral
dry O
. O
 
Went O
to O
this O
place B-negative
this O
place B-negative
on O
a O
real O
cold B-positive
night I-positive
and I-neutral
needed I-positive
a O
quick O
meal B-positive
. O
 
Nobody I-positive
at O
this O
restaurant B-negative
will O
give O
firm I-positive
answers I-positive
about O
anything O
and I-neutral
in I-negative
the O
end O
, O
not O
one O
person O
takes I-positive
responsibility I-positive
for O
anything O
. O
 
I O
would O
definitely O
recommend O
SEA I-positive
if O
you O
like O
thai I-positive
cuisine I-negative
! O
 
The B-neutral
food B-neutral
was O
average O
to O
above-average I-positive
; O
the O
French B-positive
Onion I-positive
soup I-negative
filling I-positive
yet O
not O
overly I-positive
impressive O
, O
and I-neutral
the O
desserts B-positive
not O
brilliant I-positive
in I-negative
any O
way O
. O
 
It O
is O
thick I-positive
and I-neutral
slightly O
soggy O
. O
 
Great O
open B-positive
and I-neutral
friendly O
ambience B-positive
. O
 
