Je O
recommande O
vivement O
! O

On O
a O
payé O
le O
cadre B-positive
coloré O
et O
le O
port O
touristique O
de O
la O
Cotinière O
. O

Ma O
femme O
et O
moi O
même O
nous O
sommes O
régalés O
. O

Petite O
cuisine B-positive
de O
petite O
qualité O
et O
pas O
fait O
maison O
. O

Enfin O
, O
contrairement O
à O
ce O
que O
j'ai O
pu O
lire O
ici O
, O
le O
restaurant O
était O
particulièrement O
propre O
lors O
de O
mon O
passage O
. O

Le O
patron O
nous O
accueille O
très O
chaleureusement O
et O
c'est O
sa O
femme O
qui O
cuisine B-positive
. O

La O
mousse B-negative
au I-negative
chocolat I-negative
en O
dessert O
était O
excellente O
. O

Cet O
écriteau O
était O
bien O
caché O
à O
l'intérieur O
de O
l'établissement O
pour O
ne O
pas O
que O
les O
clients O
en O
terrasse B-positive
le O
voient O
. O

je O
vous O
conseille O
la O
formule B-positive
à O
16,50 O
€ O
. O

Un O
management O
inexistant O
: O
15 O
à O
20 O
minutes O
d O
' O
attente B-negative
entre O
chaque O
plat O
, O
une O
serveuse B-negative
qui O
sert O
des O
plats O
sur O
la O
table O
à O
côté O
mais O
qui O
ne O
nous O
débarasse O
que O
10 O
minutes O
après O
... O
et O
le O
must O
... O
quand O
au O
choix O
du O
dessert O
il O
ne O
restait O
plus O
qu'un O
dessert B-negative
aux I-negative
fruits I-negative
rouges I-negative
sur O
les O
4 O
possibilités O
du O
menu O
... O
mon O
ami O
n'aimant O
pas O
ces O
derniers O
... O
le O
patron O
a O
refusé O
d'échanger O
le O
café O
contre O
le O
dessert O
qu'il O
ne O
prenait O
pas O
... O

Nous O
arrivons O
dans O
une O
salle O
quasi-vide O
un O
vendredi O
soir O
, O
malgré O
la O
recommandation O
d'une O
amie O
de O
ce O
restaurant O
comme O
étant O
une O
bonne O
adresse B-positive
gastro O
à O
prix O
sympa O
... O

En O
bref O
la O
nourriture B-negative
n'est O
pas O
extraordinaire O
, O
peut O
être O
même O
préparée O
longtemps O
à O
l'avance O
? O

Du O
gout O
du O
juste O
, O
on O
adore O
. O

Note O
finale O
de O
31e O
pour O
un O
cocktail O
, O
un O
plat O
et O
un O
café O
. O

Conclusion O
: O

On O
trouve O
un O
chewing-gum O
collé O
au O
fond O
de O
notre O
verre O
d'eau O
, O
la O
serveuse B-negative
ne O
s'excuse O
pas O
et O
met O
la O
faute O
sur O
le O
lave-vaisselle O
... O
on O
nous O
propose O
même O
pas O
un O
geste O
commercial O
il O
faut O
le O
demander O
au O
manager O
qui O
ne O
peut O
que O
nous O
offrir O
un O
café O
( O
mais O
on O
bois O
pas O
de O
café O
... O
) O
. O

Le O
foi O
gras O
est O
le O
meilleur O
de O
l'île O
. O

Quelle O
surprise O
au O
regard O
de O
la O
renommée O
de O
cette O
brasserie-restaurant O
où O
certes O
les O
serveurs B-negative
ont O
gardé O
le O
style O
des O
grandes O
brasseries O
mais O
le O
service B-negative
est O
un O
peu O
direct O
et O
la O
cuisine B-positive
n'est O
véritablement O
pas O
à O
la O
hauteur O
de O
l'addition O
car O
sans O
se O
déplacer O
bien O
loin O
on O
trouve O
d'autres O
tables O
qui O
eux O
parfois O
à O
l'écart O
des O
grandes O
tours O
restent O
raisonnables O
mais O
respectent O
la O
clientèle O

Malheureusement O
, O
ils O
ne O
sont O
guère O
respectés O
: O
mauvaise O
acoustique O
, O
public O
bruyant O
. O

Malgré O
le O
monde O
présent O
, O
nous O
avons O
été O
rapidement O
servis O
. O

Un O
peu O
à O
l'écart O
du O
centre O
ville O
, O
serein O
. O

La O
noté O
est O
salée O
et O
ne O
corresponds O
à O
ce O
qui O
se O
passe O
dans O
l O
' O
assiette B-negative
! O

Tout O
a O
été O
mauvais O
. O

Restaurant B-negative
très O
sympa O
. O

Les O
fameux O
plats O
arrivent O
, O
ni O
trop O
tôt O
, O
ni O
sans O
se O
faire O
attendre O
. O

prix O
abusif O
pour O
la O
prestation O

Bonne O
cave B-positive
bien O
valorisée O
par O
de O
bons O
conseils O
en O
salle O
. O

Heureusement O
la O
qualité O
de O
la O
cuisine B-positive
rattrape O
cela O
mais O
quel O
gâchis O
pour O
ce O
petit O
resto O
italien O
avec O
une O
magnifique O
terrasse B-positive
et O
des O
produits B-positive
frais O
. O

Sur O
la O
place O
du O
Bareuzay O
, O
symbolique O
de O
Dijon O
, O
une O
agréable O
terrasse B-positive
. O

Des O
chaises O
bancales O
et O
un O
intérieur B-positive
déprimant O
. O

Pas O
un O
sourire O
, O
pas O
une O
parole O
aimable O

Un O
pain O
élaboré O
par O
un O
boulanger O
du O
coin O
, O
un O
steack O
haché O
frais O
, O
la O
qualité O
des O
produits B-positive
frais O
, O
les O
frites O
maison O
, O
la O
petite O
salade B-negative
accompagné I-negative
d'une I-negative
vinaigrette I-negative
bien O
relevée O
. O

Sans O
hésiter O
un O
endroit B-positive
où O
il O
fait O
bon O
manger O
avec O
un O
ami O
ou O
un O
membre O
de O
sa O
famille O
, O
et O
qui O
contraste O
fortement O
avec O
les O
brasseries O
" O
industrielles O
" O
que O
l'on O
trouve O
parfois O
à O
Paris O
. O

La O
tarte B-positive
tatin O
divine O

en O
plus O
, O
une O
des O
personnes O
à O
commander O
un O
tartare O
, O
elle O
a O
été O
servi O
10 O
minutes O
après O
tout O
le O
monde O
.. O
c'est O
un O
plat O
froid O
pourtant O
. O

Vraiment O
très O
agréablement O
surpris O
! O

Les O
plats O
sont O
bons O
, O
typiques O
, O
la O
carte B-positive
propose O
beaucoup O
de O
choix O
. O

Oui O
, O
c'est O
plutôt O
cuit O
à O
point O

Vins O
au O
verre O
décevants O
. O

Arrivés O
vers O
12 O
h O
50 O
dans O
une O
salle O
bondée O
, O
on O
nous O
propose O
une O
table O
bien O
large O
au O
fond O
de O
la O
salle O
. O

burgers B-neutral
excellents O
, O
on O
est O
accro O
dès O
qu'on O
a O
gouté O
. O

Une O
très O
bonne O
adresse B-positive
! O

Cuisine B-negative
réchauffée I-negative
au I-negative
micro I-negative
ondes I-negative
, O
service B-negative
lent O
, O
mais O
surtout O
prix O
tres O
excessif O
compte O
tenu O
de O
la O
qualité O
assez O
moyenne O
. O

On O
nous O
a O
calé O
dans O
un O
coin O
du O
restaurant O
que O
nous O
avons O
fini O
par O
quitter O
après O
20 O
minutes O
sans O
que O
personne O
ne O
soit O
venu O
nous O
apporter O
ne O
serait-ce O
qu'une O
carafe O
d'eau O
. O

Les O
personnes O
avec O
qui O
je O
déjeunais O
ont O
commandé O
le O
pdj O
et O
j'ai O
donc O
fais O
comme O
eux O
histoire O
de O
ne O
pas O
nous O
retarder O
. O

Le O
cadre B-positive
est O
convivial O
, O
le O
personnel B-positive
y O
est O
agréable O
. O

Un O
véritable O
coup O
de O
cœur O
. O

L'établissement O
dispose O
aussi O
d'une O
jolie O
terrasse B-positive
. O

Décoration O
sympa O
, O
service B-negative
correcte O
. O

Ne O
surtout O
pas O
y O
aller O
pour O
bien O
manger O
, O
par O
contre O
on O
se O
laisse O
bien O
embarquer O
dans O
l O
' O
ambiance B-positive
de O
ces O
années O
là O
. O

Je O
m'interroge O
. O

La O
livraison O
de O
brunch B-positive
à O
domicile O
est O
vraiment O
une O
idée O
de O
génie O
! O

Une O
catastrophe O
à O
éviter O
absolument O
. O

Bel O
endroit B-positive
certes O
et O
c'est O
tout O
ce O
que O
je O
pourrai O
écrire O
de O
positif O
. O

Patron O
venu O
nous O
voir O
en O
début O
de O
service B-negative
, O
nous O
étions O
les O
premiers O
clients O
ayant O
eu O
le O
courage O
de O
s'installer O
à O
sa O
terrasse B-positive
, O
alors O
que O
les O
tables O
des O
terrasses O
des O
restaurants O
voisins O
étaient O
occupées O
... O
Premiers O
arrivés O
, O
avant O
derniers O
à O
pouvoir O
obtenir O
l'addition O
, O
après O
appel O
. O

Il O
n'y O
a O
pas O
que O
la O
hampe O
dans O
la O
vie O

Demande O
de O
changement O
de O
place O
car O
nous O
étions O
près O
de O
la O
porte O
mais O
nous O
sommes O
restés O
sans O
réponse O
. O

Alors O
en O
cas O
d'absolue O
nécessité O
uniquement O
pour O
la O
survie O
sinon O
cherchez O
dans O
les O
abords O
immédiats O
. O

Un O
rapport O
qualité O
/ O
prix O
qui O
se O
passe O
donc O
de O
commentaire O
. O

C'est O
une O
insulte O
à O
l'art O
, O
qu'est O
la O
cuisine B-positive
. O

15 O
minutes O
après O
avoir O
finis O
le O
plat B-negative
principal I-negative
nous O
ne O
sommes O
toujours O
pas O
débarrassés O
. O

Le O
prix O
est O
un O
peu O
élevé O
pour O
un O
repas O
qui O
n'a O
pas O
nécessité O
toute O
une O
implication O
du O
début O
à O
la O
fin O
. O

Quand O
aux O
plats O
, O
n'y O
allez O
pas O
pour O
faire O
une O
découverte O
originale O
, O
que O
du O
" O
classique O
" O
... O

Mais O
si O
le O
service B-negative
très O
décontracté O
est O
sympathique O
.. O

Puree O
moins O
bonne O
qu O
a O
la O
cantine O
. O

Nous O
nous O
sommes O
fait O
livrer O
plusieurs O
fois O
et O
nous O
n'avons O
jamais O
été O
déçus O
mais O
le O
service B-negative
sur O
place O
est O
déplorable O
... O

L O
' O
accueil B-positive
et O
le O
service B-negative
, O
c'est O
comme O
dans O
l'assiette O
avec O
un O
menu O
déjeuner O
qui O
n'a O
pas O
son O
égal O
! O

tarif O
très O
abordable O
- O
j'ai O
déjà O
très O
envie O
d'y O
retourner O
pour O
faire O
découvrir O
notre O
coup O
de O
coeur O
à O
nos O
amis O
! O
! O

tant O
par O
la O
qualité O
des O
mets O
que O
par O
l O
' O
accueil B-positive
; O

L O
’ O
accueil B-positive
est O
agréable O
malgré O
tout O
. O

L O
' O
accueil B-positive
est O
vraiment O
conviviale O
, O
c'est O
un O
petit O
paradis O
quand O
on O
est O
en O
terrasse B-positive
, O
la O
cuisine B-positive
est O
excellente O
. O

Tarte O
aux O
pommes B-negative
au I-negative
calva I-negative
sans O
calva O
digne O
d'une O
cantine O
d'école O
. O

Nous O
avions O
réservé O
dans O
ce O
restaurant O
en O
voyant O
qu'il O
était O
recommandé O
par O
le O
Gault O
et O
Millau O
, O
il O
a O
une O
déco B-positive
super O
sympa O
et O
tout O
paraissait O
être O
réuni O
pour O
découvrir O
une O
nouvelle O
bonne O
table O
sur O
Marseille O
. O

Le O
restaurant O
présente O
un O
cadre B-positive
de O
type O
" O
montagnard O
" O
très O
jolie O
, O
par O
contre O
il O
est O
vrai O
que O
l O
' O
odeur O
est O
un O
peu O
désagréable O
en O
rentrant O
dans O
la O
salle O
. O

Nous O
sommes O
arrivés O
dans O
ce O
restaurant O
pub O
pour O
dîner O
. O

Et O
en O
générale O
les O
portions B-positive
étaient O
ridicules O
pour O
leur O
prix O
. O

Rapport O
qualité O
/ O
prix O
acceptable O
. O

Menu B-positive
à O
25 O
€ O
très O
complet O
et O
goutteux O
, O
rapport O
qualité O
/ O
prix O
imbattable O
dans O
le O
quartier O
. O

Aucune O
explication O
sur O
les O
plats O
. O

On O
confirme O
bonne O
table O
parisienne O
. O

Un O
vrai O
régal O
faites O
que O
ça O
dure O
. O

A O
recommander O
. O

J'y O
viens O
souvent O
le O
midi O
, O
crèpes O
excellentes O
et O
très O
grands O
choix O
. O

Une O
perle O
. O

Test O
du O
menu O
à O
9.90 O
plat O
et O
dessert O
: O
pièce O
de O
bœuf O
de O
3 O
millimètres O
d O
épaisseur O
4 O
centimètres O
de O
large O
sans O
goût O
une O
honte O
, O
desset B-positive
crème I-positive
caramel I-positive
au I-positive
beurre I-positive
salé I-positive
industrielle I-positive
chimique I-positive
pas O
bon O

Dés O
que O
nous O
sommes O
rentrés O
dans O
l O
’ O
établissent O
, O
nous O
avons O
ressenti O
un O
stress O
qui O
planait O
autours O
des O
employés O
... O

Dernière O
remarque O
, O
pourquoi O
du O
saumon O
? O
? O

- O
Les O
vins B-positive
" O
bio O
" O
" O
naturel O
" O
souvent O
cher O
et O
dégueulasse O

Nous O
avons O
dîner O
un O
dimanche O
soir O
, O
repas O
bon O
frais O
rien O
d'exceptionnel O
mais O
agréable O
! O

Entrée O
plat O
dessert O
en O
plein O
Montmartre O
avec O
une O
qualité O
correcte O
, O
je O
trouve O
ça O
pas O
mal O
. O

Nous O
nous O
sommes O
contentés O
d'un O
verre O
chacun O
, O
lesquels O
n'étaient O
même O
pas O
propres O
. O

Entrée O
/ O
plat O
/ O
dessert O
à O
2 O
pour O
une O
40 O
ene O
euros O

Service B-positive
sympathique O
. O

Mais O
que O
c'est-il O
passé O
, O
ce O
restaurant O
est O
devenu O
un O
attrape O
touristes O
très O
cher O
sans O
aucune O
qualité O
! O
! O
! O

En O
effet O
, O
entre O
les O
plats O
qui O
arrivent O
en O
retard O
et O
ceux O
qui O
ne O
sont O
pas O
cuits O
comme O
demandé O
, O
c'est O
un O
peu O
agaçant O
. O

Mais O
cette O
gentille O
patronne B-negative
est O
vite O
débordée O
. O

On O
est O
bien O
dans O
une O
logique O
de O
sélection O
et O
de O
qualité O
. O

15 O
minutes O
plus O
tard O
j'y O
retourne O
: O
" O
les O
prochains O
plats O
seront O
les O
vôtres O
ne O
vous O
inquiétez O
pas O
" O

On O
est O
un O
peu O
serrés O
mais O
vos O
voisins O
sont O
toujours O
agréables O
et O
certains O
ont O
ce O
qu'on O
appelle O
" O
une O
tête O
" O
. O

Au O
final O
une O
bonne O
table O
à O
découvrir O
! O

Pour O
quelqu'un O
qui O
n'y O
connaît O
rien O
à O
la O
cuisine B-positive
indienne O
voir O
épicée O
en O
général O
, O
ça O
passe O
mais O
pour O
les O
autres O
vous O
serez O
déçus O
. O

Vous O
allez O
vous O
régaler O
. O

très O
bonne O
paella O
( O
pour O
les O
connaisseurs O
) O
oui O
grillée O
dans O
le O
fond O
comme O
à O
Barcelone O

Depuis O
longtemps O
je O
voulais O
pousser O
la O
porte O
de O
cet O
endroit B-positive
dans O
la O
zone O
portuaire O
de O
Bayonne O
et O
voilà O
nous O
l'avons O
fait O
! O
! O
! O

Mais O
ça O
, O
c'était O
avant O
. O

Il O
y O
a O
même O
des O
frites O
et O
des O
nuggets O
! O

Ce O
qu O
il O
avait O
oublié O
de O
dire O
c O
est O
qu O
il O
était O
aussi O
déjà O
compté O
dans O
l O
addition O
. O

La O
suite O
est O
plus O
heureuse O
avec O

J'ai O
soulevé O
le O
couvercle O
de O
mon O
burger O
pour O
vérifier O
et O
suis O
tombé O
sur O
des O
feuilles O
de O
salade O
toutes O
flétries O
pour O
ne O
pas O
dire O
pire O
que O
ça O
. O

La O
petite O
carte B-positive
est O
bien O
appétissante O
... O
hélas O
j'ai O
été O
un O
peu O
déçu O
par O
les O
Galettes O
, O
pas O
très O
grandes O
, O
pas O
très O
gouteuses O
, O
pas O
très O
chargés O
... O

On O
a O
l'impression O
que O
tout O
est O
improvisé O
, O
qu'il O
n'y O
a O
pas O
de O
compétence O
ni O
au O
niveau O
accueil B-positive
, O
ni O
au O
niveau O
service B-negative
, O
ni O
au O
niveau O
cuisine B-positive
( O
plats O
surgelés O
) O
. O

Ils O
n'ont O
pas O
honte O
! O
! O
! O

Nous O
sommes O
allés O
dans O
ce O
restaurant O
un O
dimanche O
soir O
. O

toujours O
très O
original O
, O
on O
y O
goutte O
des O
plats O
qu'on O
ne O
verra O
pas O
autre O
part O
. O

Longue O
attente B-negative
encore O
pour O
avoir O
ses O
boissons O
. O

Nous O
avons O
très O
bien O
été O
accueilli O
, O
par O
une O
jolie O
serveuse B-negative
, O
mais O
le O
reste O
a O
été O
une O
expérience O
horrible O
. O

Nous O
y O
sommes O
allés O
le O
14 O
mai O
en O
couple O
avec O
notre O
fils O
. O

Et O
hop O
, O
une O
après O
midi O
à O
te O
les O
digérer O
. O

La O
cuisine B-positive
est O
traditionnelle O

Nous O
sommes O
entrez O
, O
et O
la O
, O
personne O
pour O
nous O
accueillir O
... O

J'ai O
trouvé O
la O
cuisine B-positive
assez O
, O
moyenne O
. O

Comptez O
trois O
quarts O
d'heure O
pour O
avoir O
uniquement O
le O
plat O
. O

La O
croustade B-negative
de I-negative
saint I-negative
Jacques I-negative
est O
le O
meilleur O
de O
nos O
plats O
( O
les O
saint O
jacques O
sont O
généreuses O
et O
la O
sauce B-negative
est O
bonne O
) O
. O

- O
le O
limoncello O
: O
à O
la O
fin O
du O
menu O
à O
30 O
€ O
, O
servi O
à O
température O
ambiante O
tout O
comme O
l'eau O
alors O
que O
cela O
se O
sert O
glacé O
... O

J'avais O
rarement O
vu O
cela O

L O
endroit B-positive
est O
sympa O
mais O
le O
service B-negative
du O
personnel B-positive
n O
était O
pas O
au O
rendez O
vous O

Les O
plats O
sont O
corrects O
tout O
comme O
le O
service B-negative
et O
l O
' O
ambiance B-positive
. O

Cela O
nous O
a O
tellement O
dégouté O
que O
nous O
sommes O
partis O
avant O
même O
d'attendre O
le O
plat B-negative
principal I-negative
. O

Donc O
ne O
pas O
sélectionner O
ce O
restaurant O
pour O
un O
repas O
gourmet O
mais O
pour O
manger O
correctement O
sans O
plus O
. O

Prix O
élevé O
pour O
la O
prestation O
et O
surtout O
la O
netteté O
laisse O
à O
désirer O
dans O
ce O
restaurant O
. O

En O
résumé O
cet O
établissement B-positive
c'est O
un O
peu O
comme O
le O
Canada O
Dry O
, O
ça O
ressemble O
mais O
ça O
n'en O
est O
pas O
... O

.. O
rien O
. O

Endroit O
sympa O
en O
plein O
centre O
touristique O
. O

Situé O
entre O
les O
arênes O
et O
la O
cour O
carrée O
, O
ce O
restaurant O
ne O
désemplit O
pas O
. O

Je O
vous O
parler O
pas O
du O
prix O
... O

Quant O
à O
nous O
, O
notre O
passage O
par O
les O
toilettes O
était O
mémorable O
, O
une O
heure O
d'attente O
( O
salle O
géante O
, O
4 O
toilettes O
pour O
tout O
le O
monde O
, O
bien O
joué O
) O
, O
une O
odeur O
nauséabonde O
et O
franchement O
une O
propreté O
plus O
que O
limite O
. O

C'est O
comme O
si O
les O
produits B-positive
nobles O
avaient O
disparu O
. O

Celui O
de O
Limoges O
est O
incomparablement O
meilleur O
. O

Aucun O
accompagnement O
noté O
sur O
le O
menu O
n'a O
été O
servi O
nous O
avons O
eu O
des O
frites O
congelé O
jetés O
sur O
nos O
viandes B-negative
pour O
camoufler O
la O
misère O
et O
des O
haricots O
grillés O
pour O
ceux O
qui O
avaient O
du O
poisson O
. O

Bon O
, O
bien O
sur O
l'erreur O
était O
en O
leur O
faveur O
! O
! O
! O
prés O
de O
vingt O
euros O
pour O
nous O
sur O
une O
addition O
de O
85 O
€ O
! O

Le O
service B-negative
était O
au O
TOP O
, O
l O
' O
accueil B-positive
génial O
, O
notre O
plat O
excellent O
! O

Dommage O
que O
je O
n'ai O
pas O
réussi O
à O
retrouver O
cet O
esprit O
ce O
soir O
la O
. O

Nous O
avons O
été O
invité O
hier O
par O
des O
Amis O
pour O
fêter O
un O
anniversaire O
entre O
amis O
. O

Deux O
petites O
remarques O

Accueil B-negative
glacial O
, O
à O
peine O
installés O
et O
la O
carte B-positive
en O
main O
que O
l'on O
vient O
prendre O
commande O
. O

Pas O
de O
viandes B-negative
sur O
la O
carte B-positive
. O

Ok O
ce O
n'est O
pas O
la O
saison O
, O
nous O
ne O
nous O
y O
reprendrons O
pas O
. O

A O
éviter O
! O
! O
! O

Lorsque O
nous O
l'avons O
fait O
remarqué O
, O
les O
serveuses B-negative
ont O
pris O
l'air O
de O
ne O
pas O
comprendre O
. O

l O
' O
endroit B-positive
a O
une O
lumière O
feutré O
, O
c'est O
très O
agréable O
et O
très O
relaxant O
. O

Bref O
, O
pour O
deux O
personnes O
avec O
une O
bouteille B-negative
de I-negative
rosé I-negative
: O
86 O
€ O
pour O
des O
plats O
froids O
, O
sans O
saveurs O
, O
et O
qui O
ne O
correspondent O
pas O
à O
ce O
qui O
est O
écrit O
sur O
la O
carte B-positive
. O

Cela O
dit O
pour O
du O
tout O
fait O
maison O
avec O
des O
produits B-positive
frais O
de O
très O
bonne O
qualité O
cela O
reste O
très O
intéressant O
. O

Un O
ami O
nous O
a O
recommandé O
ce O
restaurant O
, O
et O
il O
a O
eu O
bien O
raison O
. O

J O
ai O
de O
la O
famille O
qui O
dine O
a O
cette O
ensigne O
du O
coup O
je O
les O
rejoin O
. O

Vraiment O
le O
service B-negative
aura O
été O
horrible O
du O
début O
jusqu'à O
la O
fin O
et O
ceux O
pour O
la O
plupart O
des O
clients O
qui O
étaient O
installés O
autour O
de O
nous O
. O

Temps O
d'attente O
très O
long O
et O
le O
service B-negative
mauvais O
ce O
qui O
gâche O
un O
peu O
la O
soiree O
. O

Dans O
sa O
cuisine B-positive
ouverte O
, O
on O
sent O
la O
passion O
du O
patron O
et O
en O
terrasse B-positive
, O
malgré O
l'affluence O
, O
on O
apprécie O
la O
gentillesse O
et O
les O
conseils O
de O
sa O
femme O
et O
de O
son O
fils O
. O

J'ai O
vraiment O
failli O
partir O
au O
bout O
d'une O
40mn O
d'attente O
lorsque O
j'ai O
vu O
l'assiette O
arriver O
car O
j'ai O
clairement O
trouvé O
le O
comportement O
de O
la O
patronne B-negative
exécrable O
et O
dédaigneux O
. O

Vraiment O
ravi O
très O
joli O
resto O
, O
accueil B-positive
très O
sympathique O
avec O
un O
serveur B-negative
à O
l'ecoute O
et O
de O
très O
bon O
conseil O
, O
niveau O
repas O
vraiment O
très O
bon O
rien O
à O
redire O
. O

Un O
très O
bon O
moment O
passé O
dans O
ce O
restaurant O
. O

Une O
cuisine B-positive
simple O
mais O
goûteuse O
avec O
de O
bons O
produits B-positive
. O

Allez O
chez O
les O
concurrents O
ils O
sont O
très O
nombreux O
dans O
le O
coin O
! O
! O
! O

C'est O
un O
endroit B-positive
très O
agréable O
. O

Excellent O
restaurant O
a O
tout O
point O
de O
vue O
le O
service B-negative
la O
patronne B-negative
très O
agréable O
les O
plats O
excellents O
le O
vin O
très O
bon O
! O

Ce O
ne O
sont O
pas O
des O
premiers O
prix O
mais O
on O
peut O
dire O
que O
le O
rapport O
qualité-prix O
est O
excellent O
. O

Nous O
avons O
été O
déçu O
par O
le O
service B-negative
. O

Tous O
le O
monde O
le O
savait O
sauf O
nous O
! O

Salle O
agréable O
. O

Pas O
de O
chance O
ce O
jour O
là O
ou O
réel O
manque O
de O
qualité O
? O

Aucun O
goût O
. O

Et O
je O
parle O
pas O
de O
l O
' O
aïoli O
... O

Bistrot O
à O
recommander O
surtout O
si O
vous O
souhaitez O
passer O
un O
moment O
à O
Montmartre O
sans O
être O
dans O
la O
cohue O
des O
restaurants O
à O
touristes O
! O
! O
! O

Rapport O
qualité O
/ O
prix O
acceptable O
. O

A O
conseiller O
donc O

3 O
plats O
arrivent O
enfin O
, O
puis O
une O
viande B-negative
demandée O
bleue O
apportée O
bien O
cuite O
. O

Decevant O
coté O
cuisine B-positive
! O

De O
nouveau O
30 O
à O
40 O
mn O
d O
' O
attente B-negative
pour O
les O
desserts O
qui O
ne O
sont O
pas O
mangeables O
et O
renvoyés O
à O
la O
2ème O
bouchée O
tarte B-negative
fine I-negative
au I-negative
pommes O
trop O
froide O
et O
glace O
vanille O
arrivée O
à O
moitié O
fondue O
et O
pour O
mon O
mari O
crêpes O
cartonnées O
... O

Et O
pour O
couronner O
le O
tout O
des O
blattes O
se O
sont O
invitées O
à O
notre O
table O
! O

Prévoir O
un O
temps O
d'attente O
pour O
les O
toilettes O
en O
sous-sol O
aux O
heures O
de O
pointes O
;o) O

Nous O
avons O
gouté O
plusieurs O
plats O
sans O
saveur O
, O
sans O
raffinement O
. O

Mais O
le O
summum O
fut O
l'arrivée O
des O
entrées O
. O

Quelques-uns O
ont O
vu O
leur O
souris O
d'agneau O
pas O
bien O
cuite O
donc O
2 O
bouteilles O
de O
rouges O
nous O
ont O
été O
offertes O
en O
compensation O
. O

Adresse O
testée O
lors O
d'un O
repas O
d'équipe O
( O
donc O
grande O
tablée O
) O
. O

Un O
restaurant O
de O
chaine O
, O
nous O
avons O
poussé O
la O
porte O
car O
en O
général O
, O
sans O
être O
extraordinaire O
c O
’ O
est O
une O
valeur O
sur O
, O
pas O
trop O
chère O
et O
rapide O
. O

Le O
cidre O
, O
pas O
qu'exceptionnel O
, O
est O
frais O
et O
s'accompagne O
bien O
. O

J'ai O
commandé O
un O
magret B-positive
bleu O
avec O
des O
frites O
, O
celui O
ci O
est O
arrivé O
servi O
avec O
du O
gratin B-positive
de O
pommes B-negative
de I-negative
terre I-negative
. O

Le O
lieu B-positive
est O
très O
sympathique O
, O
bien O
décoré O
. O

Le O
patron O
breton O
est O
, O
lui O
, O
sympa O
! O

Sous O
le O
soleil O
de O
l'Estaque O
, O
la O
terrasse B-positive
de O
ce O
restaurant O
a O
un O
petit O
côté O
déco B-positive
bien O
sympa O
( O
table O
façon O
teck O
, O
" O
sets O
" O
en O
ardoise O
) O
. O

certes O
cet O
établissement B-positive
est O
bien O
situé O
, O
mais O
ça O
ne O
justifie O
pas O
les O
tarifs O
pratiqués O
pour O
une O
qualité O
juste O
moyenne O
. O

L O
' O
entrée O
et O
le O
plat O
étaient O
assez O
classiques O
( O
avec O
un O
bémol O
pour O
la O
salade O
sans O
goût O
) O
mais O
le O
dessert O
était O
bon O
. O

Oui O
, O
on O
est O
prévenu O
, O

Perso O
j'avais O
pris O
le O
tournedos O
à O
16 O
euros O
. O

Passez O
votre O
chemin O
! O

Nous O
y O
sommes O
allé O
hier O
soir O
et O
nous O
avons O
été O
plus O
que O
déçus O
.. O

Je O
ne O
vois O
pas O
d'ou O
il O
peut O
tenir O
sa O
réputation O
. O

Les O
tapas B-positive
sont O
excellents O
... O
La O
charcuterie O
est O
de O
qualité O
aussi O
. O

Bel O
endroit B-positive
! O

... O
mon O
ami O
va O
donc O
prendre O
des O
nouvelles O
de O
nos O
plats O
en O
précisant O
que O
nous O
sommes O
pressés O
" O
je O
vais O
voir O
où O
ça O
en O
est O
" O
puis O
silence O
radio O
. O

Berk O
. O

Le O
chef O
maîtrise O
les O
mélanges O
de O
goûts O
et O
de O
textures O
. O

Rien O
à O
reprocher O
au O
service B-negative
si O
ce O
n'est O
la O
hâte O
de O
fermer O
la O
boutique O
! O

Un O
formidable O
moment O
, O
nous O
y O
retournerons O
c'est O
sûr O
, O
et O
recommandons O
chaudement O
ce O
restaurant O
! O

Terrasse O
négligée O
. O

La O
vue O
est O
sublime O
, O
la O
salle O
est O
très O
agréable O
et O
tranquille O
. O

Un O
restaurant O
surement O
très O
réputé O
mais O
alors O
il O
y O
a O
longtemps O
... O

Les O
fruits B-negative
de I-negative
mer I-negative
en O
entrée O
étaient O
dégoûtants O
( O
sont-ils O
frais O
? O
) O
. O

Service B-positive
impeccable O
, O
le O
patron O
et O
le O
serveur B-negative
ont O
toujours O
le O
sourire O
! O

Menu B-positive
Grands O
Gourmand O
, O
2 O
plats O
, O
4 O
€ O
de O
supplément O
pour O
le O
fromage O
... O

Un O
bon O
resto O
quand O
on O
sait O
le O
nombre O
de O
restos O
qu'il O
y O
a O
dans O
la O
rue O
. O

Ma O
meilleure O
adresse B-positive
de O
restau O
thai O
! O

Repas B-negative
très O
copieux O
et O
bon O
marché O
! O
! O

L O
' O
endroit B-positive
est O
très O
beau O
, O
l O
' O
assiette B-negative
est O
divine O
, O
les O
vins B-positive
bouleversants O
, O
ajoutez O
à O
cela O
l'enthousiasme O
contagieux O
du O
patron O
: O
que O
demander O
de O
plus O
? O

Une O
ancienne O
expérience O
dans O
cet O
établissement B-positive
en O
2013 O
m'a O
donné O
envie O
d'y O
retourner O

Je O
continuerai O
aller O
passer O
de O
bons O
moments O
dans O
cet O
établissement B-positive
lors O
de O
mes O
prochains O
voyages O
dans O
un O
cadre B-positive
charmant O

En O
tout O
cas O
régulier O
dans O
un O
beau O
cadre B-positive
à O
deux O
pas O
des O
Invalides O
. O

et O
j'y O
retournerai O
avec O
mon O
amoureux O
! O

Un O
restaurant O
d'aspect O
extérieur O
agréable O
et O
bien O
situé O
qui O
nous O
a O
donné O
envie O
d'y O
dejeuner O
. O

Nous O
reviendrons O
. O

Heureusement O
que O
j'avais O
prévu O
les O
bougies O
car O
aucune O
attention O
particulière O
des O
serveurs B-negative
pour O
savoir O
si O
tout O
allait O
bien O
, O
si O
le O
gateau O
nous O
convenait O
, O
enfin O
un O
minimum O
d'attention O
aurait O
été O
apprécié O
pour O
une O
addition O
de O
270 O
euros O
! O
! O
! O

J'appel O
la O
serveuse B-negative
pour O
me O
plaindre O
, O
aucune O
excuse O
, O
pour O
elle O
c'est O
normal O
car O
il O
s'agit O
de O
champignon O
frais O
et O
nous O
dit O
que O
la O
prochaine O
fois O
ils O
feront O
du O
congelé O
... O

A O
fuire O

Quelle O
blague O
! O

Les O
boulettes O
sont O
délicieuses O
, O
les O
brochettes O
d'agneau O
également O
. O

J'ai O
mangé O
avec O
des O
amis O
dans O
ce O
restaurant O
et O
je O
trouve O
que O
la O
qualité O
des O
produits B-positive
se O
sont O
serieusement O
dégradé O
, O
la O
salade O
d'accueil O
comporte O
2 O
feuilles O
, O
le O
plat B-negative
principal I-negative
et O
le O
dessert O
sont O
baclés O
dans O
la O
présentation O
. O

Dernier O
point O
, O
la O
salle O
est O
sobre O
et O
de O
bon O
goût O
! O

En O
plat O
, O
j'ai O
complètement O
craqué O
sur O
le O
cabillaud O
risotto O
émulsion O
de O
chorizo O
( O
très O
surprenant O
) O
. O

On O
va O
faire O
simple O
, O
.. O

A O
très O
bientôt O
. O

A O
cela O
s'ajoute O
la O
mauvaise O
foi O
de O
la O
patronne B-negative
... O

Si O
vous O
n'avez O
pas O
le O
temps O
, O
demandez O
de O
l'emporter O
... O

Pour O
conclure O
la O
carte B-positive
comporte O
quelques O
fautes O
d'orthographe O
. O

