Je O
recommande O
vivement O
! O
 
 
On O
a O
#UNK# O
le O
cadre O
#UNK# O
et O
le O
port O
touristique O
de O
la O
#UNK# O
. O
 
 
#UNK# O
#UNK# O
et O
moi O
même O
nous O
sommes O
#UNK# O
. O
 
 
Petite O
cuisine O
de O
petite O
qualité O
et O
pas O
fait O
maison O
. O
 
 
#UNK# O
, O
#UNK# O
à O
ce O
que O
j'ai O
pu O
#UNK# O
ici O
, O
le O
restaurant O
était O
particulièrement O
#UNK# O
lors O
de O
mon O
passage O
. O
 
 
Le O
patron O
nous O
accueille O
très O
#UNK# O
et O
c'est O
sa O
#UNK# O
qui O
cuisine O
. O
 
 
La O
mousse O
au O
chocolat O
en O
dessert O
était O
excellente O
. O
 
 
Cet O
#UNK# O
était O
bien O
#UNK# O
à O
l'intérieur O
de O
l'établissement O
pour O
ne O
pas O
que O
les O
clients O
en O
terrasse O
le O
#UNK# O
. O
 
 
je O
vous O
conseille O
la O
formule O
à O
#UNK# O
€ O
. O
 
 
Un O
#UNK# O
inexistant O
: O
15 O
à O
20 O
minutes O
d O
' O
attente O
entre O
chaque O
plat O
, O
une O
serveuse O
qui O
sert O
des O
plats O
sur O
la O
table O
à O
côté O
mais O
qui O
ne O
nous O
#UNK# O
que O
10 O
minutes O
après O
... O
et O
le O
#UNK# O
... O
quand O
au O
choix O
du O
dessert O
il O
ne O
#UNK# O
plus O
qu'un O
dessert O
aux O
fruits O
#UNK# O
sur O
les O
4 O
#UNK# O
du O
menu O
... O
mon O
ami O
#UNK# O
pas O
ces O
#UNK# O
... O
le O
patron O
a O
#UNK# O
#UNK# O
le O
café O
contre O
le O
dessert O
qu'il O
ne O
#UNK# O
pas O
... O
 
 
Nous O
#UNK# O
dans O
une O
salle O
#UNK# O
un O
vendredi O
soir O
, O
malgré O
la O
#UNK# O
d'une O
amie O
de O
ce O
restaurant O
comme O
étant O
une O
bonne O
adresse O
#UNK# O
à O
prix O
sympa O
... O
 
 
En O
bref O
la O
nourriture O
n'est O
pas O
#UNK# O
, O
peut O
être O
même O
#UNK# O
longtemps O
à O
l'avance O
? O
 
 
#UNK# O
gout O
du O
juste O
, O
on O
#UNK# O
. O
 
 
#UNK# O
#UNK# O
de O
#UNK# O
pour O
un O
#UNK# O
, O
un O
plat O
et O
un O
café O
. O
 
 
#UNK# O
: O
 
 
On O
trouve O
un O
#UNK# O
#UNK# O
au O
#UNK# O
de O
notre O
verre O
d'eau O
, O
la O
serveuse O
ne O
#UNK# O
pas O
et O
met O
la O
#UNK# O
sur O
le O
#UNK# O
... O
on O
nous O
propose O
même O
pas O
un O
geste O
#UNK# O
il O
faut O
le O
demander O
au O
#UNK# O
qui O
ne O
peut O
que O
nous O
#UNK# O
un O
café O
( O
mais O
on O
bois O
pas O
de O
café O
... O
) O
. O
 
 
Le O
#UNK# O
gras O
est O
le O
meilleur O
de O
#UNK# O
. O
 
 
Quelle O
surprise O
au O
regard O
de O
la O
#UNK# O
de O
cette O
#UNK# O
où O
certes O
les O
serveurs O
ont O
#UNK# O
le O
#UNK# O
des O
#UNK# O
brasseries O
mais O
le O
service O
est O
un O
peu O
#UNK# O
et O
la O
cuisine O
n'est O
#UNK# O
pas O
à O
la O
hauteur O
de O
l'addition O
car O
sans O
se O
#UNK# O
bien O
loin O
on O
trouve O
d'autres O
tables O
qui O
eux O
parfois O
à O
#UNK# O
des O
#UNK# O
#UNK# O
restent O
raisonnables O
mais O
#UNK# O
la O
#UNK# O
 
 
#UNK# O
, O
ils O
ne O
sont O
#UNK# O
#UNK# O
: O
mauvaise O
#UNK# O
, O
#UNK# O
bruyant O
. O
 
 
Malgré O
le O
monde O
#UNK# O
, O
nous O
avons O
été O
rapidement O
servis O
. O
 
 
Un O
peu O
à O
#UNK# O
du O
centre O
ville O
, O
#UNK# O
. O
 
 
La O
#UNK# O
est O
salée O
et O
ne O
#UNK# O
à O
ce O
qui O
se O
passe O
dans O
l O
' O
assiette O
! O
 
 
Tout O
a O
été O
mauvais O
. O
 
 
Restaurant O
très O
sympa O
. O
 
 
Les O
#UNK# O
plats O
arrivent O
, O
ni O
trop O
tôt O
, O
ni O
sans O
se O
faire O
attendre O
. O
 
 
prix O
#UNK# O
pour O
la O
#UNK# O
 
 
Bonne O
cave O
bien O
#UNK# O
par O
de O
bons O
#UNK# O
en O
salle O
. O
 
 
#UNK# O
la O
qualité O
de O
la O
cuisine O
#UNK# O
cela O
mais O
quel O
#UNK# O
pour O
ce O
petit O
resto O
#UNK# O
avec O
une O
magnifique O
terrasse O
et O
des O
produits O
frais O
. O
 
 
#UNK# O
la O
place O
du O
#UNK# O
, O
#UNK# O
de O
#UNK# O
, O
une O
agréable O
terrasse O
. O
 
 
Des O
#UNK# O
#UNK# O
et O
un O
intérieur O
#UNK# O
. O
 
 
Pas O
un O
sourire O
, O
pas O
une O
#UNK# O
aimable O
 
 
Un O
pain O
#UNK# O
par O
un O
#UNK# O
du O
coin O
, O
un O
#UNK# O
#UNK# O
frais O
, O
la O
qualité O
des O
produits O
frais O
, O
les O
frites O
maison O
, O
la O
petite O
salade O
accompagné O
d'une O
#UNK# O
bien O
#UNK# O
. O
 
 
#UNK# O
#UNK# O
un O
endroit O
où O
il O
fait O
bon O
manger O
avec O
un O
ami O
ou O
un O
#UNK# O
de O
sa O
famille O
, O
et O
qui O
#UNK# O
fortement O
avec O
les O
brasseries O
" O
#UNK# O
" O
que O
l'on O
trouve O
parfois O
à O
Paris O
. O
 
 
La O
tarte O
#UNK# O
#UNK# O
 
 
en O
plus O
, O
une O
des O
personnes O
à O
commander O
un O
tartare O
, O
elle O
a O
été O
servi O
10 O
minutes O
après O
tout O
le O
monde O
.. O
c'est O
un O
plat O
froid O
pourtant O
. O
 
 
Vraiment O
très O
agréablement O
surpris O
! O
 
 
Les O
plats O
sont O
bons O
, O
#UNK# O
, O
la O
carte O
propose O
beaucoup O
de O
choix O
. O
 
 
#UNK# O
, O
c'est O
plutôt O
cuit O
à O
point O
 
 
#UNK# O
au O
verre O
décevants O
. O
 
 
#UNK# O
vers O
#UNK# O
h O
50 O
dans O
une O
salle O
#UNK# O
, O
on O
nous O
propose O
une O
table O
bien O
large O
au O
#UNK# O
de O
la O
salle O
. O
 
 
burgers O
excellents O
, O
on O
est O
#UNK# O
dès O
qu'on O
a O
#UNK# O
. O
 
 
Une O
très O
bonne O
adresse O
! O
 
 
Cuisine O
#UNK# O
au O
#UNK# O
#UNK# O
, O
service O
lent O
, O
mais O
surtout O
prix O
tres O
#UNK# O
compte O
tenu O
de O
la O
qualité O
assez O
moyenne O
. O
 
 
On O
nous O
a O
#UNK# O
dans O
un O
coin O
du O
restaurant O
que O
nous O
avons O
fini O
par O
#UNK# O
après O
20 O
minutes O
sans O
que O
personne O
ne O
soit O
venu O
nous O
#UNK# O
ne O
#UNK# O
qu'une O
carafe O
d'eau O
. O
 
 
Les O
personnes O
avec O
qui O
je O
#UNK# O
ont O
commandé O
le O
#UNK# O
et O
j'ai O
donc O
#UNK# O
comme O
eux O
histoire O
de O
ne O
pas O
nous O
#UNK# O
. O
 
 
Le O
cadre O
est O
convivial O
, O
le O
personnel O
y O
est O
agréable O
. O
 
 
Un O
#UNK# O
coup O
de O
#UNK# O
. O
 
 
#UNK# O
#UNK# O
aussi O
d'une O
#UNK# O
terrasse O
. O
 
 
#UNK# O
sympa O
, O
service O
correcte O
. O
 
 
Ne O
surtout O
pas O
y O
aller O
pour O
bien O
manger O
, O
par O
contre O
on O
se O
laisse O
bien O
#UNK# O
dans O
l O
' O
ambiance O
de O
ces O
années O
là O
. O
 
 
Je O
#UNK# O
. O
 
 
La O
#UNK# O
de O
brunch O
à O
#UNK# O
est O
vraiment O
une O
#UNK# O
de O
#UNK# O
! O
 
 
Une O
#UNK# O
à O
éviter O
absolument O
. O
 
 
#UNK# O
endroit O
certes O
et O
c'est O
tout O
ce O
que O
je O
#UNK# O
#UNK# O
de O
#UNK# O
. O
 
 
#UNK# O
venu O
nous O
voir O
en O
début O
de O
service O
, O
nous O
étions O
les O
#UNK# O
clients O
ayant O
eu O
le O
#UNK# O
de O
#UNK# O
à O
sa O
terrasse O
, O
alors O
que O
les O
tables O
des O
#UNK# O
des O
restaurants O
#UNK# O
étaient O
#UNK# O
... O
#UNK# O
arrivés O
, O
avant O
#UNK# O
à O
pouvoir O
#UNK# O
l'addition O
, O
après O
#UNK# O
. O
 
 
Il O
n'y O
a O
pas O
que O
la O
#UNK# O
dans O
la O
#UNK# O
 
 
#UNK# O
de O
#UNK# O
de O
place O
car O
nous O
étions O
#UNK# O
de O
la O
porte O
mais O
nous O
sommes O
#UNK# O
sans O
réponse O
. O
 
 
#UNK# O
en O
cas O
#UNK# O
#UNK# O
uniquement O
pour O
la O
#UNK# O
#UNK# O
#UNK# O
dans O
les O
#UNK# O
#UNK# O
. O
 
 
Un O
rapport O
qualité O
/ O
prix O
qui O
se O
passe O
donc O
de O
#UNK# O
. O
 
 
C'est O
une O
#UNK# O
à O
#UNK# O
, O
#UNK# O
la O
cuisine O
. O
 
 
15 O
minutes O
après O
avoir O
#UNK# O
le O
plat O
principal O
nous O
ne O
sommes O
toujours O
pas O
#UNK# O
. O
 
 
Le O
prix O
est O
un O
peu O
élevé O
pour O
un O
repas O
qui O
n'a O
pas O
#UNK# O
toute O
une O
#UNK# O
du O
début O
à O
la O
fin O
. O
 
 
Quand O
aux O
plats O
, O
n'y O
allez O
pas O
pour O
faire O
une O
#UNK# O
originale O
, O
que O
du O
" O
classique O
" O
... O
 
 
Mais O
si O
le O
service O
très O
décontracté O
est O
sympathique O
.. O
 
 
#UNK# O
moins O
bonne O
qu O
a O
la O
cantine O
. O
 
 
Nous O
nous O
sommes O
fait O
#UNK# O
plusieurs O
fois O
et O
nous O
n'avons O
jamais O
été O
déçus O
mais O
le O
service O
sur O
place O
est O
#UNK# O
... O
 
 
L O
' O
accueil O
et O
le O
service O
, O
c'est O
comme O
dans O
l'assiette O
avec O
un O
menu O
déjeuner O
qui O
n'a O
pas O
son O
#UNK# O
! O
 
 
tarif O
très O
#UNK# O
- O
j'ai O
déjà O
très O
envie O
d'y O
#UNK# O
pour O
faire O
découvrir O
notre O
coup O
de O
coeur O
à O
nos O
amis O
! O
! O
 
 
tant O
par O
la O
qualité O
des O
mets O
que O
par O
l O
' O
accueil O
; O
 
 
L O
’ O
accueil O
est O
agréable O
malgré O
tout O
. O
 
 
L O
' O
accueil O
est O
vraiment O
#UNK# O
, O
c'est O
un O
petit O
#UNK# O
quand O
on O
est O
en O
terrasse O
, O
la O
cuisine O
est O
excellente O
. O
 
 
#UNK# O
aux O
pommes O
au O
#UNK# O
sans O
#UNK# O
#UNK# O
d'une O
cantine O
#UNK# O
. O
 
 
Nous O
avions O
réservé O
dans O
ce O
restaurant O
en O
#UNK# O
qu'il O
était O
#UNK# O
par O
le O
#UNK# O
et O
#UNK# O
, O
il O
a O
une O
déco O
super O
sympa O
et O
tout O
#UNK# O
être O
#UNK# O
pour O
découvrir O
une O
#UNK# O
bonne O
table O
sur O
Marseille O
. O
 
 
Le O
restaurant O
#UNK# O
un O
cadre O
de O
type O
" O
#UNK# O
" O
très O
#UNK# O
, O
par O
contre O
il O
est O
vrai O
que O
l O
' O
#UNK# O
est O
un O
peu O
désagréable O
en O
#UNK# O
dans O
la O
salle O
. O
 
 
Nous O
sommes O
arrivés O
dans O
ce O
restaurant O
#UNK# O
pour O
dîner O
. O
 
 
Et O
en O
#UNK# O
les O
portions O
étaient O
#UNK# O
pour O
leur O
prix O
. O
 
 
#UNK# O
qualité O
/ O
prix O
#UNK# O
. O
 
 
Menu O
à O
25 O
€ O
très O
complet O
et O
#UNK# O
, O
rapport O
qualité O
/ O
prix O
#UNK# O
dans O
le O
quartier O
. O
 
 
Aucune O
#UNK# O
sur O
les O
plats O
. O
 
 
On O
#UNK# O
bonne O
table O
parisienne O
. O
 
 
Un O
vrai O
régal O
faites O
que O
ça O
#UNK# O
. O
 
 
A O
recommander O
. O
 
 
J'y O
#UNK# O
souvent O
le O
midi O
, O
#UNK# O
excellentes O
et O
très O
#UNK# O
choix O
. O
 
 
Une O
#UNK# O
. O
 
 
#UNK# O
du O
menu O
à O
#UNK# O
plat O
et O
dessert O
: O
#UNK# O
de O
bœuf O
de O
3 O
#UNK# O
d O
#UNK# O
4 O
#UNK# O
de O
large O
sans O
goût O
une O
honte O
, O
#UNK# O
crème O
#UNK# O
au O
#UNK# O
salé O
#UNK# O
#UNK# O
pas O
bon O
 
 
#UNK# O
que O
nous O
sommes O
#UNK# O
dans O
l O
’ O
#UNK# O
, O
nous O
avons O
#UNK# O
un O
#UNK# O
qui O
#UNK# O
#UNK# O
des O
#UNK# O
... O
 
 
#UNK# O
remarque O
, O
#UNK# O
du O
saumon O
? O
? O
 
 
- O
Les O
vins O
" O
bio O
" O
" O
#UNK# O
" O
souvent O
cher O
et O
#UNK# O
 
 
Nous O
avons O
dîner O
un O
dimanche O
soir O
, O
repas O
bon O
frais O
rien O
d'exceptionnel O
mais O
agréable O
! O
 
 
Entrée O
plat O
dessert O
en O
plein O
#UNK# O
avec O
une O
qualité O
correcte O
, O
je O
trouve O
ça O
pas O
mal O
. O
 
 
Nous O
nous O
sommes O
#UNK# O
d'un O
verre O
chacun O
, O
#UNK# O
#UNK# O
même O
pas O
#UNK# O
. O
 
 
Entrée O
/ O
plat O
/ O
dessert O
à O
2 O
pour O
une O
40 O
#UNK# O
euros O
 
 
Service O
sympathique O
. O
 
 
Mais O
que O
#UNK# O
passé O
, O
ce O
restaurant O
est O
devenu O
un O
#UNK# O
touristes O
très O
cher O
sans O
aucune O
qualité O
! O
! O
! O
 
 
En O
#UNK# O
, O
entre O
les O
plats O
qui O
arrivent O
en O
#UNK# O
et O
ceux O
qui O
ne O
sont O
pas O
#UNK# O
comme O
demandé O
, O
c'est O
un O
peu O
#UNK# O
. O
 
 
Mais O
cette O
#UNK# O
patronne O
est O
vite O
#UNK# O
. O
 
 
On O
est O
bien O
dans O
une O
#UNK# O
de O
#UNK# O
et O
de O
qualité O
. O
 
 
15 O
minutes O
plus O
tard O
j'y O
#UNK# O
: O
" O
les O
#UNK# O
plats O
#UNK# O
les O
#UNK# O
ne O
vous O
#UNK# O
pas O
" O
 
 
On O
est O
un O
peu O
#UNK# O
mais O
vos O
#UNK# O
sont O
toujours O
agréables O
et O
certains O
ont O
ce O
qu'on O
#UNK# O
" O
une O
tête O
" O
. O
 
 
Au O
#UNK# O
une O
bonne O
table O
à O
découvrir O
! O
 
 
Pour O
#UNK# O
qui O
n'y O
#UNK# O
rien O
à O
la O
cuisine O
#UNK# O
voir O
#UNK# O
en O
#UNK# O
, O
ça O
passe O
mais O
pour O
les O
autres O
vous O
serez O
déçus O
. O
 
 
#UNK# O
allez O
vous O
#UNK# O
. O
 
 
très O
bonne O
#UNK# O
( O
pour O
les O
#UNK# O
) O
oui O
#UNK# O
dans O
le O
#UNK# O
comme O
à O
#UNK# O
 
 
#UNK# O
longtemps O
je O
#UNK# O
pousser O
la O
porte O
de O
cet O
endroit O
dans O
la O
#UNK# O
#UNK# O
de O
#UNK# O
et O
#UNK# O
nous O
#UNK# O
fait O
! O
! O
! O
 
 
Mais O
ça O
, O
c'était O
avant O
. O
 
 
Il O
y O
a O
même O
des O
frites O
et O
des O
#UNK# O
! O
 
 
Ce O
qu O
il O
avait O
#UNK# O
de O
dire O
c O
est O
qu O
il O
était O
aussi O
déjà O
#UNK# O
dans O
l O
addition O
. O
 
 
La O
suite O
est O
plus O
#UNK# O
avec O
 
 
J'ai O
#UNK# O
le O
#UNK# O
de O
mon O
burger O
pour O
#UNK# O
et O
suis O
#UNK# O
sur O
des O
#UNK# O
de O
salade O
toutes O
#UNK# O
pour O
ne O
pas O
dire O
pire O
que O
ça O
. O
 
 
La O
petite O
carte O
est O
bien O
#UNK# O
... O
#UNK# O
j'ai O
été O
un O
peu O
déçu O
par O
les O
#UNK# O
, O
pas O
très O
#UNK# O
, O
pas O
très O
#UNK# O
, O
pas O
très O
#UNK# O
... O
 
 
On O
a O
l'impression O
que O
tout O
est O
#UNK# O
, O
qu'il O
n'y O
a O
pas O
de O
#UNK# O
ni O
au O
niveau O
accueil O
, O
ni O
au O
niveau O
service O
, O
ni O
au O
niveau O
cuisine O
( O
plats O
surgelés O
) O
. O
 
 
Ils O
#UNK# O
pas O
honte O
! O
! O
! O
 
 
Nous O
sommes O
allés O
dans O
ce O
restaurant O
un O
dimanche O
soir O
. O
 
 
toujours O
très O
#UNK# O
, O
on O
y O
#UNK# O
des O
plats O
qu'on O
ne O
#UNK# O
pas O
autre O
part O
. O
 
 
#UNK# O
attente O
encore O
pour O
avoir O
ses O
boissons O
. O
 
 
Nous O
avons O
très O
bien O
été O
#UNK# O
, O
par O
une O
#UNK# O
serveuse O
, O
mais O
le O
reste O
a O
été O
une O
expérience O
horrible O
. O
 
 
Nous O
y O
sommes O
allés O
le O
#UNK# O
#UNK# O
en O
couple O
avec O
notre O
fils O
. O
 
 
Et O
#UNK# O
, O
une O
après O
midi O
à O
#UNK# O
les O
#UNK# O
. O
 
 
La O
cuisine O
est O
#UNK# O
 
 
Nous O
sommes O
#UNK# O
, O
et O
la O
, O
personne O
pour O
nous O
#UNK# O
... O
 
 
J'ai O
trouvé O
la O
cuisine O
assez O
, O
moyenne O
. O
 
 
#UNK# O
trois O
#UNK# O
#UNK# O
pour O
avoir O
uniquement O
le O
plat O
. O
 
 
La O
#UNK# O
de O
#UNK# O
Jacques O
est O
le O
meilleur O
de O
nos O
plats O
( O
les O
#UNK# O
#UNK# O
sont O
#UNK# O
et O
la O
sauce O
est O
bonne O
) O
. O
 
 
- O
le O
#UNK# O
: O
à O
la O
fin O
du O
menu O
à O
30 O
€ O
, O
servi O
à O
#UNK# O
#UNK# O
tout O
comme O
l'eau O
alors O
que O
cela O
se O
sert O
#UNK# O
... O
 
 
#UNK# O
rarement O
vu O
cela O
 
 
L O
endroit O
est O
sympa O
mais O
le O
service O
du O
personnel O
n O
était O
pas O
au O
rendez O
vous O
 
 
Les O
plats O
sont O
corrects O
tout O
comme O
le O
service O
et O
l O
' O
ambiance O
. O
 
 
Cela O
nous O
a O
tellement O
#UNK# O
que O
nous O
sommes O
#UNK# O
avant O
même O
#UNK# O
le O
plat O
principal O
. O
 
 
Donc O
ne O
pas O
#UNK# O
ce O
restaurant O
pour O
un O
repas O
#UNK# O
mais O
pour O
manger O
correctement O
sans O
plus O
. O
 
 
#UNK# O
élevé O
pour O
la O
#UNK# O
et O
surtout O
la O
#UNK# O
laisse O
à O
désirer O
dans O
ce O
restaurant O
. O
 
 
En O
résumé O
cet O
établissement O
c'est O
un O
peu O
comme O
le O
#UNK# O
#UNK# O
, O
ça O
ressemble O
mais O
ça O
#UNK# O
est O
pas O
... O
 
 
.. O
rien O
. O
 
 
#UNK# O
sympa O
en O
plein O
centre O
touristique O
. O
 
 
#UNK# O
entre O
les O
#UNK# O
et O
la O
#UNK# O
#UNK# O
, O
ce O
restaurant O
ne O
#UNK# O
pas O
. O
 
 
Je O
vous O
parler O
pas O
du O
prix O
... O
 
 
Quant O
à O
nous O
, O
notre O
passage O
par O
les O
toilettes O
était O
#UNK# O
, O
une O
heure O
#UNK# O
( O
salle O
#UNK# O
, O
4 O
toilettes O
pour O
tout O
le O
monde O
, O
bien O
#UNK# O
) O
, O
une O
#UNK# O
#UNK# O
et O
franchement O
une O
#UNK# O
plus O
que O
limite O
. O
 
 
C'est O
comme O
si O
les O
produits O
#UNK# O
#UNK# O
#UNK# O
. O
 
 
#UNK# O
de O
#UNK# O
est O
#UNK# O
meilleur O
. O
 
 
#UNK# O
accompagnement O
#UNK# O
sur O
le O
menu O
n'a O
été O
servi O
nous O
avons O
eu O
des O
frites O
#UNK# O
#UNK# O
sur O
nos O
viandes O
pour O
#UNK# O
la O
#UNK# O
et O
des O
#UNK# O
#UNK# O
pour O
ceux O
qui O
#UNK# O
du O
poisson O
. O
 
 
Bon O
, O
bien O
sur O
#UNK# O
était O
en O
leur O
#UNK# O
! O
! O
! O
#UNK# O
de O
#UNK# O
euros O
pour O
nous O
sur O
une O
addition O
de O
#UNK# O
€ O
! O
 
 
Le O
service O
était O
au O
#UNK# O
, O
l O
' O
accueil O
#UNK# O
, O
notre O
plat O
excellent O
! O
 
 
Dommage O
que O
je O
n'ai O
pas O
#UNK# O
à O
#UNK# O
cet O
#UNK# O
ce O
soir O
la O
. O
 
 
Nous O
avons O
été O
#UNK# O
#UNK# O
par O
des O
#UNK# O
pour O
#UNK# O
un O
anniversaire O
entre O
amis O
. O
 
 
#UNK# O
petites O
#UNK# O
 
 
Accueil O
#UNK# O
, O
à O
peine O
#UNK# O
et O
la O
carte O
en O
#UNK# O
que O
l'on O
vient O
prendre O
commande O
. O
 
 
Pas O
de O
viandes O
sur O
la O
carte O
. O
 
 
#UNK# O
ce O
n'est O
pas O
la O
saison O
, O
nous O
ne O
nous O
y O
#UNK# O
pas O
. O
 
 
A O
éviter O
! O
! O
! O
 
 
#UNK# O
nous O
#UNK# O
fait O
#UNK# O
, O
les O
serveuses O
ont O
pris O
l'air O
de O
ne O
pas O
comprendre O
. O
 
 
l O
' O
endroit O
a O
une O
#UNK# O
#UNK# O
, O
c'est O
très O
agréable O
et O
très O
#UNK# O
. O
 
 
Bref O
, O
pour O
deux O
personnes O
avec O
une O
bouteille O
de O
rosé O
: O
#UNK# O
€ O
pour O
des O
plats O
froids O
, O
sans O
saveurs O
, O
et O
qui O
ne O
#UNK# O
pas O
à O
ce O
qui O
est O
écrit O
sur O
la O
carte O
. O
 
 
Cela O
dit O
pour O
du O
tout O
fait O
maison O
avec O
des O
produits O
frais O
de O
très O
bonne O
qualité O
cela O
reste O
très O
#UNK# O
. O
 
 
Un O
ami O
nous O
a O
#UNK# O
ce O
restaurant O
, O
et O
il O
a O
eu O
bien O
raison O
. O
 
 
#UNK# O
ai O
de O
la O
famille O
qui O
#UNK# O
a O
cette O
#UNK# O
du O
coup O
je O
les O
#UNK# O
. O
 
 
Vraiment O
le O
service O
#UNK# O
été O
horrible O
du O
début O
#UNK# O
la O
fin O
et O
ceux O
pour O
la O
#UNK# O
des O
clients O
qui O
étaient O
#UNK# O
autour O
de O
nous O
. O
 
 
#UNK# O
#UNK# O
très O
long O
et O
le O
service O
mauvais O
ce O
qui O
#UNK# O
un O
peu O
la O
#UNK# O
. O
 
 
Dans O
sa O
cuisine O
#UNK# O
, O
on O
sent O
la O
#UNK# O
du O
patron O
et O
en O
terrasse O
, O
malgré O
#UNK# O
, O
on O
#UNK# O
la O
gentillesse O
et O
les O
#UNK# O
de O
sa O
#UNK# O
et O
de O
son O
fils O
. O
 
 
J'ai O
vraiment O
#UNK# O
partir O
au O
bout O
d'une O
#UNK# O
#UNK# O
lorsque O
j'ai O
vu O
l'assiette O
#UNK# O
car O
j'ai O
#UNK# O
trouvé O
le O
#UNK# O
de O
la O
patronne O
#UNK# O
et O
#UNK# O
. O
 
 
Vraiment O
#UNK# O
très O
joli O
resto O
, O
accueil O
très O
sympathique O
avec O
un O
serveur O
à O
#UNK# O
et O
de O
très O
bon O
conseil O
, O
niveau O
repas O
vraiment O
très O
bon O
rien O
à O
#UNK# O
. O
 
 
Un O
très O
bon O
moment O
passé O
dans O
ce O
restaurant O
. O
 
 
Une O
cuisine O
simple O
mais O
#UNK# O
avec O
de O
bons O
produits O
. O
 
 
Allez O
chez O
les O
#UNK# O
ils O
sont O
très O
#UNK# O
dans O
le O
coin O
! O
! O
! O
 
 
C'est O
un O
endroit O
très O
agréable O
. O
 
 
#UNK# O
restaurant O
a O
tout O
point O
de O
vue O
le O
service O
la O
patronne O
très O
agréable O
les O
plats O
excellents O
le O
vin O
très O
bon O
! O
 
 
Ce O
ne O
sont O
pas O
des O
#UNK# O
prix O
mais O
on O
peut O
dire O
que O
le O
rapport O
#UNK# O
est O
excellent O
. O
 
 
Nous O
avons O
été O
déçu O
par O
le O
service O
. O
 
 
#UNK# O
le O
monde O
le O
#UNK# O
sauf O
nous O
! O
 
 
#UNK# O
agréable O
. O
 
 
Pas O
de O
chance O
ce O
jour O
là O
ou O
#UNK# O
manque O
de O
qualité O
? O
 
 
#UNK# O
goût O
. O
 
 
Et O
je O
parle O
pas O
de O
l O
' O
#UNK# O
... O
 
 
#UNK# O
à O
recommander O
surtout O
si O
vous O
#UNK# O
passer O
un O
moment O
à O
#UNK# O
sans O
être O
dans O
la O
#UNK# O
des O
restaurants O
à O
touristes O
! O
! O
! O
 
 
#UNK# O
qualité O
/ O
prix O
#UNK# O
. O
 
 
A O
conseiller O
donc O
 
 
3 O
plats O
arrivent O
enfin O
, O
puis O
une O
viande O
#UNK# O
#UNK# O
#UNK# O
bien O
cuite O
. O
 
 
#UNK# O
#UNK# O
cuisine O
! O
 
 
De O
#UNK# O
30 O
à O
40 O
mn O
d O
' O
attente O
pour O
les O
desserts O
qui O
ne O
sont O
pas O
#UNK# O
et O
#UNK# O
à O
la O
#UNK# O
#UNK# O
tarte O
fine O
au O
pommes O
trop O
froide O
et O
glace O
#UNK# O
arrivée O
à O
moitié O
#UNK# O
et O
pour O
mon O
mari O
#UNK# O
#UNK# O
... O
 
 
Et O
pour O
#UNK# O
le O
tout O
des O
#UNK# O
se O
sont O
#UNK# O
à O
notre O
table O
! O
 
 
#UNK# O
un O
temps O
#UNK# O
pour O
les O
toilettes O
en O
#UNK# O
aux O
heures O
de O
#UNK# O
#UNK# O
 
 
Nous O
avons O
#UNK# O
plusieurs O
plats O
sans O
saveur O
, O
sans O
#UNK# O
. O
 
 
Mais O
le O
#UNK# O
fut O
#UNK# O
des O
entrées O
. O
 
 
#UNK# O
ont O
vu O
leur O
#UNK# O
#UNK# O
pas O
bien O
cuite O
donc O
2 O
bouteilles O
de O
#UNK# O
nous O
ont O
été O
#UNK# O
en O
#UNK# O
. O
 
 
#UNK# O
#UNK# O
lors O
d'un O
repas O
#UNK# O
( O
donc O
grande O
#UNK# O
) O
. O
 
 
Un O
restaurant O
de O
#UNK# O
, O
nous O
avons O
#UNK# O
la O
porte O
car O
en O
#UNK# O
, O
sans O
être O
#UNK# O
c O
’ O
est O
une O
#UNK# O
sur O
, O
pas O
trop O
#UNK# O
et O
rapide O
. O
 
 
Le O
#UNK# O
, O
pas O
#UNK# O
, O
est O
frais O
et O
#UNK# O
bien O
. O
 
 
J'ai O
commandé O
un O
magret O
bleu O
avec O
des O
frites O
, O
#UNK# O
ci O
est O
arrivé O
servi O
avec O
du O
gratin O
de O
pommes O
de O
terre O
. O
 
 
Le O
lieu O
est O
très O
sympathique O
, O
bien O
#UNK# O
. O
 
 
Le O
patron O
#UNK# O
est O
, O
lui O
, O
sympa O
! O
 
 
#UNK# O
le O
soleil O
de O
#UNK# O
, O
la O
terrasse O
de O
ce O
restaurant O
a O
un O
petit O
côté O
déco O
bien O
sympa O
( O
table O
façon O
#UNK# O
, O
" O
#UNK# O
" O
en O
#UNK# O
) O
. O
 
 
certes O
cet O
établissement O
est O
bien O
situé O
, O
mais O
ça O
ne O
#UNK# O
pas O
les O
tarifs O
#UNK# O
pour O
une O
qualité O
juste O
moyenne O
. O
 
 
L O
' O
entrée O
et O
le O
plat O
étaient O
assez O
classiques O
( O
avec O
un O
bémol O
pour O
la O
salade O
sans O
goût O
) O
mais O
le O
dessert O
était O
bon O
. O
 
 
#UNK# O
, O
on O
est O
#UNK# O
, O
 
 
#UNK# O
j'avais O
pris O
le O
#UNK# O
à O
#UNK# O
euros O
. O
 
 
#UNK# O
votre O
chemin O
! O
 
 
Nous O
y O
sommes O
allé O
#UNK# O
soir O
et O
nous O
avons O
été O
plus O
que O
déçus O
.. O
 
 
Je O
ne O
#UNK# O
pas O
#UNK# O
il O
peut O
#UNK# O
sa O
réputation O
. O
 
 
Les O
tapas O
sont O
excellents O
... O
La O
charcuterie O
est O
de O
qualité O
aussi O
. O
 
 
#UNK# O
endroit O
! O
 
 
... O
mon O
ami O
va O
donc O
prendre O
des O
#UNK# O
de O
nos O
plats O
en O
#UNK# O
que O
nous O
sommes O
#UNK# O
" O
je O
vais O
voir O
où O
ça O
en O
est O
" O
puis O
#UNK# O
#UNK# O
. O
 
 
#UNK# O
. O
 
 
Le O
chef O
#UNK# O
les O
#UNK# O
de O
goûts O
et O
de O
#UNK# O
. O
 
 
Rien O
à O
#UNK# O
au O
service O
si O
ce O
n'est O
la O
#UNK# O
de O
#UNK# O
la O
#UNK# O
! O
 
 
Un O
#UNK# O
moment O
, O
nous O
y O
retournerons O
c'est O
#UNK# O
, O
et O
#UNK# O
#UNK# O
ce O
restaurant O
! O
 
 
#UNK# O
#UNK# O
. O
 
 
La O
vue O
est O
#UNK# O
, O
la O
salle O
est O
très O
agréable O
et O
#UNK# O
. O
 
 
Un O
restaurant O
#UNK# O
très O
#UNK# O
mais O
alors O
il O
y O
a O
longtemps O
... O
 
 
Les O
fruits O
de O
mer O
en O
entrée O
étaient O
#UNK# O
( O
#UNK# O
frais O
? O
) O
. O
 
 
Service O
impeccable O
, O
le O
patron O
et O
le O
serveur O
ont O
toujours O
le O
sourire O
! O
 
 
Menu O
#UNK# O
#UNK# O
, O
2 O
plats O
, O
4 O
€ O
de O
supplément O
pour O
le O
fromage O
... O
 
 
Un O
bon O
resto O
quand O
on O
#UNK# O
le O
#UNK# O
de O
#UNK# O
qu'il O
y O
a O
dans O
la O
rue O
. O
 
 
#UNK# O
meilleure O
adresse O
de O
restau O
#UNK# O
! O
 
 
Repas O
très O
copieux O
et O
bon O
marché O
! O
! O
 
 
L O
' O
endroit O
est O
très O
beau O
, O
l O
' O
assiette O
est O
#UNK# O
, O
les O
vins O
#UNK# O
, O
#UNK# O
à O
cela O
#UNK# O
#UNK# O
du O
patron O
: O
que O
demander O
de O
plus O
? O
 
 
Une O
#UNK# O
expérience O
dans O
cet O
établissement O
en O
#UNK# O
m'a O
donné O
envie O
d'y O
#UNK# O
 
 
Je O
#UNK# O
aller O
passer O
de O
bons O
#UNK# O
dans O
cet O
établissement O
lors O
de O
mes O
#UNK# O
#UNK# O
dans O
un O
cadre O
charmant O
 
 
En O
tout O
cas O
#UNK# O
dans O
un O
beau O
cadre O
à O
deux O
pas O
des O
#UNK# O
. O
 
 
et O
j'y O
retournerai O
avec O
mon O
#UNK# O
! O
 
 
Un O
restaurant O
#UNK# O
#UNK# O
agréable O
et O
bien O
situé O
qui O
nous O
a O
donné O
envie O
d'y O
#UNK# O
. O
 
 
Nous O
reviendrons O
. O
 
 
#UNK# O
que O
j'avais O
#UNK# O
les O
#UNK# O
car O
aucune O
attention O
#UNK# O
des O
serveurs O
pour O
savoir O
si O
tout O
#UNK# O
bien O
, O
si O
le O
#UNK# O
nous O
#UNK# O
, O
enfin O
un O
minimum O
#UNK# O
aurait O
été O
apprécié O
pour O
une O
addition O
de O
#UNK# O
euros O
! O
! O
! O
 
 
#UNK# O
la O
serveuse O
pour O
me O
#UNK# O
, O
aucune O
excuse O
, O
pour O
elle O
c'est O
normal O
car O
il O
s'agit O
de O
#UNK# O
frais O
et O
nous O
dit O
que O
la O
#UNK# O
fois O
ils O
#UNK# O
du O
#UNK# O
... O
 
 
A O
#UNK# O
 
 
Quelle O
#UNK# O
! O
 
 
Les O
#UNK# O
sont O
#UNK# O
, O
les O
#UNK# O
#UNK# O
également O
. O
 
 
J'ai O
mangé O
avec O
des O
amis O
dans O
ce O
restaurant O
et O
je O
trouve O
que O
la O
qualité O
des O
produits O
se O
sont O
#UNK# O
#UNK# O
, O
la O
salade O
#UNK# O
#UNK# O
2 O
#UNK# O
, O
le O
plat O
principal O
et O
le O
dessert O
sont O
#UNK# O
dans O
la O
présentation O
. O
 
 
#UNK# O
point O
, O
la O
salle O
est O
sobre O
et O
de O
bon O
goût O
! O
 
 
En O
plat O
, O
j'ai O
complètement O
#UNK# O
sur O
le O
#UNK# O
risotto O
#UNK# O
de O
#UNK# O
( O
très O
#UNK# O
) O
. O
 
 
On O
va O
faire O
simple O
, O
.. O
 
 
A O
très O
#UNK# O
. O
 
 
A O
cela O
#UNK# O
la O
mauvaise O
#UNK# O
de O
la O
patronne O
... O
 
 
Si O
vous O
#UNK# O
pas O
le O
temps O
, O
demandez O
de O
#UNK# O
... O
 
 
Pour O
#UNK# O
la O
carte O
#UNK# O
quelques O
#UNK# O
#UNK# O
. O
 
 
