Je O
recommande O
vivement O
! O
 
On O
a I-positive
payé I-negative
le O
cadre B-positive
coloré I-negative
et O
le O
port B-positive
touristique O
de I-negative
la I-positive
Cotinière I-negative
. O
 
Ma I-negative
femme I-negative
et O
moi O
même O
nous O
sommes O
régalés I-negative
. O
 
Petite O
cuisine B-neutral
de I-negative
petite O
qualité O
et O
pas O
fait O
maison I-positive
. O
 
Enfin I-negative
, O
contrairement I-negative
à I-positive
ce O
que O
j'ai O
pu O
lire I-negative
ici O
, O
le O
restaurant B-neutral
était O
particulièrement O
propre I-negative
lors O
de I-negative
mon O
passage O
. O
 
Le O
patron B-negative
nous O
accueille O
très O
chaleureusement I-negative
et O
c'est O
sa I-negative
femme I-negative
qui O
cuisine B-neutral
. O
 
La O
mousse B-negative
au I-positive
chocolat I-positive
en I-neutral
dessert B-negative
était O
excellente O
. O
 
Cet O
écriteau I-negative
était O
bien O
caché I-negative
à I-positive
l'intérieur O
de I-negative
l'établissement O
pour I-neutral
ne O
pas O
que O
les O
clients O
en I-neutral
terrasse B-positive
le O
voient I-negative
. O
 
je O
vous O
conseille O
la I-positive
formule B-neutral
à I-positive
16,50 I-negative
€ O
. O
 
Un O
management I-negative
inexistant O
: O
15 O
à I-positive
20 I-neutral
minutes O
d O
' O
attente B-negative
entre B-negative
chaque O
plat B-negative
, O
une O
serveuse B-negative
qui O
sert O
des I-positive
plats B-neutral
sur O
la I-positive
table B-positive
à I-positive
côté I-negative
mais O
qui O
ne O
nous O
débarasse I-negative
que O
10 O
minutes O
après O
... O
et O
le O
must I-negative
... O
quand O
au I-positive
choix O
du I-neutral
dessert B-negative
il O
ne O
restait I-negative
plus O
qu'un O
dessert B-negative
aux I-positive
fruits I-negative
rouges I-negative
sur O
les O
4 O
possibilités I-negative
du I-neutral
menu B-neutral
... O
mon O
ami O
n'aimant I-negative
pas O
ces O
derniers I-negative
... O
le O
patron B-negative
a I-positive
refusé I-negative
d'échanger I-negative
le O
café B-negative
contre O
le O
dessert B-negative
qu'il O
ne O
prenait I-negative
pas O
... O
 
Nous O
arrivons I-negative
dans O
une O
salle I-neutral
quasi-vide I-negative
un O
vendredi O
soir O
, O
malgré O
la I-positive
recommandation I-negative
d'une I-negative
amie O
de I-negative
ce O
restaurant B-neutral
comme O
étant O
une O
bonne O
adresse B-positive
gastro I-negative
à I-positive
prix O
sympa O
... O
 
En O
bref O
la I-positive
nourriture B-neutral
n'est O
pas O
extraordinaire I-negative
, O
peut O
être O
même O
préparée I-negative
longtemps O
à I-positive
l'avance O
? O
 
Du I-negative
gout O
du I-neutral
juste O
, O
on O
adore I-negative
. O
 
Note I-negative
finale I-negative
de I-negative
31e I-negative
pour I-neutral
un O
cocktail I-negative
, O
un O
plat B-negative
et O
un O
café B-negative
. O
 
Conclusion I-negative
: O
 
On O
trouve O
un O
chewing-gum I-negative
collé I-negative
au I-positive
fond I-negative
de I-negative
notre O
verre I-negative
d'eau O
, O
la I-positive
serveuse B-negative
ne O
s'excuse I-negative
pas O
et O
met O
la I-positive
faute I-negative
sur O
le O
lave-vaisselle I-negative
... O
on O
nous O
propose O
même O
pas O
un O
geste O
commercial I-negative
il O
faut O
le O
demander O
au I-positive
manager I-negative
qui O
ne O
peut O
que O
nous O
offrir I-negative
un O
café B-negative
( O
mais O
on O
bois I-positive
pas O
de I-negative
café B-negative
... O
) O
. O
 
Le O
foi I-negative
gras I-neutral
est O
le O
meilleur O
de I-negative
l'île I-negative
. O
 
Quelle O
surprise O
au I-positive
regard O
de I-negative
la I-positive
renommée I-negative
de I-negative
cette O
brasserie-restaurant I-negative
où O
certes O
les O
serveurs B-negative
ont O
gardé I-negative
le O
style I-negative
des I-positive
grandes I-negative
brasseries O
mais O
le O
service B-negative
est O
un O
peu O
direct I-negative
et O
la I-positive
cuisine B-neutral
n'est O
véritablement I-negative
pas O
à I-positive
la I-positive
hauteur O
de I-negative
l'addition O
car O
sans I-positive
se O
déplacer I-negative
bien O
loin O
on O
trouve O
d'autres O
tables B-positive
qui O
eux O
parfois O
à I-positive
l'écart I-negative
des I-positive
grandes I-negative
tours I-negative
restent O
raisonnables O
mais O
respectent I-negative
la I-positive
clientèle I-negative
 
Malheureusement I-negative
, O
ils O
ne O
sont O
guère I-negative
respectés I-negative
: O
mauvaise O
acoustique I-negative
, O
public I-negative
bruyant O
. O
 
Malgré O
le O
monde O
présent I-negative
, O
nous O
avons O
été O
rapidement O
servis O
. O
 
Un O
peu O
à I-positive
l'écart I-negative
du I-neutral
centre O
ville O
, O
serein I-negative
. O
 
La O
noté I-negative
est O
salée O
et O
ne O
corresponds I-negative
à I-positive
ce O
qui O
se O
passe O
dans O
l O
' O
assiette B-neutral
! O
 
Tout O
a I-positive
été O
mauvais O
. O
 
Restaurant B-neutral
très O
sympa O
. O
 
Les O
fameux I-negative
plats B-neutral
arrivent O
, O
ni O
trop O
tôt O
, O
ni O
sans I-positive
se O
faire O
attendre O
. O
 
prix O
abusif I-negative
pour I-neutral
la I-positive
prestation I-negative
 
Bonne O
cave B-positive
bien O
valorisée I-negative
par O
de I-negative
bons O
conseils I-negative
en I-neutral
salle I-neutral
. O
 
Heureusement I-negative
la I-positive
qualité O
de I-negative
la I-positive
cuisine B-neutral
rattrape I-negative
cela O
mais O
quel O
gâchis I-negative
pour I-neutral
ce O
petit O
resto B-neutral
italien I-negative
avec I-negative
une O
magnifique O
terrasse B-positive
et O
des I-positive
produits B-positive
frais O
. O
 
Sur I-negative
la I-positive
place B-positive
du I-neutral
Bareuzay I-negative
, O
symbolique I-negative
de I-negative
Dijon I-negative
, O
une O
agréable O
terrasse B-positive
. O
 
Des O
chaises I-negative
bancales I-negative
et O
un O
intérieur B-positive
déprimant I-negative
. O
 
Pas O
un O
sourire O
, O
pas O
une O
parole I-negative
aimable O
 
Un O
pain B-negative
élaboré I-negative
par O
un O
boulanger I-negative
du I-neutral
coin O
, O
un O
steack I-negative
haché I-negative
frais O
, O
la I-positive
qualité O
des I-positive
produits B-positive
frais O
, O
les O
frites B-negative
maison I-positive
, O
la I-positive
petite O
salade B-negative
accompagné I-negative
d'une I-negative
vinaigrette I-negative
bien O
relevée I-negative
. O
 
Sans I-negative
hésiter I-negative
un O
endroit B-positive
où O
il O
fait O
bon O
manger O
avec I-negative
un O
ami O
ou O
un O
membre I-negative
de I-negative
sa I-negative
famille O
, O
et O
qui O
contraste I-negative
fortement O
avec I-negative
les O
brasseries O
" I-neutral
industrielles I-negative
" I-neutral
que O
l'on O
trouve O
parfois O
à I-positive
Paris O
. O
 
La O
tarte B-positive
tatin I-negative
divine I-negative
 
en I-neutral
plus O
, O
une O
des I-positive
personnes O
à I-positive
commander O
un O
tartare B-neutral
, O
elle O
a I-positive
été O
servi O
10 O
minutes O
après O
tout O
le O
monde O
.. O
c'est O
un O
plat B-negative
froid O
pourtant O
. O
 
Vraiment O
très O
agréablement O
surpris O
! O
 
Les O
plats B-neutral
sont O
bons O
, O
typiques I-negative
, O
la I-positive
carte B-neutral
propose O
beaucoup O
de I-negative
choix O
. O
 
Oui I-negative
, O
c'est O
plutôt O
cuit O
à I-positive
point O
 
Vins I-negative
au I-positive
verre I-negative
décevants O
. O
 
Arrivés I-negative
vers O
12 I-negative
h O
50 O
dans O
une O
salle I-neutral
bondée I-negative
, O
on O
nous O
propose O
une O
table B-positive
bien O
large O
au I-positive
fond I-negative
de I-negative
la I-positive
salle I-neutral
. O
 
burgers B-neutral
excellents O
, O
on O
est O
accro I-negative
dès O
qu'on O
a I-positive
gouté I-negative
. O
 
Une O
très O
bonne O
adresse B-positive
! O
 
Cuisine B-neutral
réchauffée I-negative
au I-positive
micro I-negative
ondes I-negative
, O
service B-negative
lent O
, O
mais O
surtout O
prix O
tres O
excessif I-negative
compte O
tenu O
de I-negative
la I-positive
qualité O
assez O
moyenne O
. O
 
On O
nous O
a I-positive
calé I-negative
dans O
un O
coin O
du I-neutral
restaurant B-neutral
que O
nous O
avons O
fini O
par O
quitter I-negative
après O
20 I-neutral
minutes O
sans I-positive
que O
personne O
ne O
soit O
venu O
nous O
apporter I-negative
ne O
serait-ce I-negative
qu'une O
carafe O
d'eau O
. O
 
Les O
personnes O
avec I-negative
qui O
je O
déjeunais I-negative
ont O
commandé O
le O
pdj I-negative
et O
j'ai O
donc O
fais I-negative
comme O
eux O
histoire B-positive
de I-negative
ne O
pas O
nous O
retarder I-negative
. O
 
Le O
cadre B-positive
est O
convivial O
, O
le O
personnel B-positive
y O
est O
agréable O
. O
 
Un O
véritable I-negative
coup O
de I-negative
cœur I-negative
. O
 
L'établissement I-negative
dispose I-negative
aussi O
d'une I-negative
jolie I-negative
terrasse B-positive
. O
 
Décoration I-negative
sympa O
, O
service B-negative
correcte O
. O
 
Ne O
surtout O
pas O
y O
aller I-neutral
pour I-neutral
bien O
manger O
, O
par O
contre O
on O
se O
laisse O
bien O
embarquer I-negative
dans O
l O
' O
ambiance B-positive
de I-negative
ces O
années O
là O
. O
 
Je O
m'interroge I-negative
. O
 
La O
livraison I-negative
de I-negative
brunch B-positive
à I-positive
domicile I-negative
est O
vraiment O
une O
idée I-negative
de I-negative
génie I-negative
! O
 
Une O
catastrophe I-negative
à I-positive
éviter O
absolument O
. O
 
Bel I-negative
endroit B-positive
certes O
et O
c'est O
tout O
ce O
que O
je O
pourrai I-negative
écrire I-negative
de I-negative
positif I-negative
. O
 
Patron I-negative
venu O
nous O
voir O
en I-neutral
début O
de I-negative
service B-negative
, O
nous O
étions O
les O
premiers I-negative
clients O
ayant O
eu O
le O
courage I-negative
de I-negative
s'installer I-negative
à I-positive
sa I-negative
terrasse B-positive
, O
alors O
que O
les O
tables B-positive
des I-positive
terrasses I-negative
des I-positive
restaurants B-negative
voisins I-negative
étaient O
occupées I-negative
... O
Premiers I-negative
arrivés O
, O
avant O
derniers I-negative
à I-positive
pouvoir O
obtenir I-negative
l'addition O
, O
après O
appel I-negative
. O
 
Il O
n'y O
a I-positive
pas O
que O
la I-positive
hampe I-negative
dans O
la I-positive
vie I-negative
 
Demande I-negative
de I-negative
changement I-negative
de I-negative
place B-positive
car O
nous O
étions O
près I-negative
de I-negative
la I-positive
porte O
mais O
nous O
sommes O
restés I-negative
sans I-positive
réponse O
. O
 
Alors I-negative
en I-neutral
cas O
d'absolue I-negative
nécessité I-negative
uniquement O
pour I-neutral
la I-positive
survie I-negative
sinon I-negative
cherchez I-negative
dans O
les O
abords I-negative
immédiats I-negative
. O
 
Un O
rapport O
qualité O
/ I-neutral
prix O
qui O
se O
passe O
donc O
de I-negative
commentaire I-negative
. O
 
C'est O
une O
insulte I-negative
à I-positive
l'art I-negative
, O
qu'est I-negative
la I-positive
cuisine B-neutral
. O
 
15 O
minutes O
après O
avoir O
finis I-negative
le O
plat B-negative
principal I-negative
nous O
ne O
sommes O
toujours O
pas O
débarrassés I-negative
. O
 
Le O
prix O
est O
un O
peu O
élevé O
pour I-neutral
un O
repas B-neutral
qui O
n'a O
pas O
nécessité I-negative
toute O
une O
implication I-negative
du I-neutral
début O
à I-positive
la I-positive
fin O
. O
 
Quand O
aux I-positive
plats B-neutral
, O
n'y O
allez O
pas O
pour I-neutral
faire O
une O
découverte I-negative
originale O
, O
que O
du I-neutral
" I-neutral
classique B-positive
" I-neutral
... O
 
Mais O
si O
le O
service B-negative
très O
décontracté O
est O
sympathique O
.. O
 
Puree I-negative
moins O
bonne O
qu O
a I-positive
la I-positive
cantine O
. O
 
Nous O
nous O
sommes O
fait O
livrer I-negative
plusieurs O
fois O
et O
nous O
n'avons O
jamais O
été O
déçus O
mais O
le O
service B-negative
sur O
place B-positive
est O
déplorable I-negative
... O
 
L O
' O
accueil B-positive
et O
le O
service B-negative
, O
c'est O
comme O
dans O
l'assiette O
avec I-negative
un O
menu B-neutral
déjeuner I-positive
qui O
n'a O
pas O
son O
égal I-negative
! O
 
tarif O
très O
abordable I-negative
- I-positive
j'ai O
déjà O
très O
envie O
d'y I-neutral
retourner I-negative
pour I-neutral
faire O
découvrir O
notre O
coup O
de I-negative
coeur O
à I-positive
nos O
amis O
! O
! O
 
tant O
par O
la I-positive
qualité O
des I-positive
mets B-neutral
que O
par O
l O
' O
accueil B-positive
; O
 
L O
’ O
accueil B-positive
est O
agréable O
malgré O
tout O
. O
 
L O
' O
accueil B-positive
est O
vraiment O
conviviale I-negative
, O
c'est O
un O
petit O
paradis I-negative
quand O
on O
est O
en I-neutral
terrasse B-positive
, O
la I-positive
cuisine B-neutral
est O
excellente O
. O
 
Tarte I-negative
aux I-positive
pommes B-negative
au I-positive
calva I-negative
sans I-positive
calva I-negative
digne I-negative
d'une I-negative
cantine O
d'école I-negative
. O
 
Nous O
avions O
réservé O
dans O
ce O
restaurant B-neutral
en I-neutral
voyant I-negative
qu'il O
était O
recommandé I-negative
par O
le O
Gault I-negative
et O
Millau I-negative
, O
il O
a I-positive
une O
déco B-positive
super O
sympa O
et O
tout O
paraissait I-negative
être O
réuni I-negative
pour I-neutral
découvrir O
une O
nouvelle I-negative
bonne O
table B-positive
sur O
Marseille I-positive
. O
 
Le O
restaurant B-neutral
présente I-negative
un O
cadre B-positive
de I-negative
type O
" I-neutral
montagnard I-negative
" I-neutral
très O
jolie I-negative
, O
par O
contre O
il O
est O
vrai O
que O
l O
' O
odeur I-negative
est O
un O
peu O
désagréable O
en I-neutral
rentrant I-negative
dans O
la I-positive
salle I-neutral
. O
 
Nous O
sommes O
arrivés O
dans O
ce O
restaurant B-neutral
pub I-negative
pour I-neutral
dîner B-negative
. O
 
Et O
en I-neutral
générale I-negative
les O
portions B-positive
étaient O
ridicules I-negative
pour I-neutral
leur O
prix O
. O
 
Rapport I-negative
qualité O
/ I-neutral
prix O
acceptable I-negative
. O
 
Menu B-positive
à I-positive
25 O
€ O
très O
complet B-positive
et O
goutteux I-negative
, O
rapport O
qualité O
/ I-neutral
prix O
imbattable I-negative
dans O
le O
quartier B-neutral
. O
 
Aucune O
explication I-negative
sur O
les O
plats B-neutral
. O
 
On O
confirme I-negative
bonne O
table B-positive
parisienne I-neutral
. O
 
Un O
vrai O
régal O
faites O
que O
ça O
dure I-negative
. O
 
A O
recommander O
. O
 
J'y O
viens I-negative
souvent O
le O
midi I-positive
, O
crèpes I-negative
excellentes O
et O
très O
grands I-negative
choix O
. O
 
Une O
perle I-negative
. O
 
Test I-negative
du I-neutral
menu B-neutral
à I-positive
9.90 I-negative
plat B-negative
et O
dessert B-negative
: O
pièce I-negative
de I-negative
bœuf O
de I-negative
3 O
millimètres I-negative
d O
épaisseur I-negative
4 O
centimètres I-negative
de I-negative
large O
sans I-positive
goût O
une O
honte O
, O
desset I-negative
crème I-positive
caramel I-negative
au I-positive
beurre I-negative
salé I-positive
industrielle I-negative
chimique I-negative
pas O
bon O
 
Dés I-negative
que O
nous O
sommes O
rentrés I-negative
dans O
l O
’ O
établissent I-negative
, O
nous O
avons O
ressenti I-negative
un O
stress I-negative
qui O
planait I-negative
autours I-negative
des I-positive
employés I-negative
... O
 
Dernière I-negative
remarque O
, O
pourquoi I-negative
du I-neutral
saumon I-neutral
? O
? O
 
- I-positive
Les O
vins I-positive
" I-neutral
bio O
" I-neutral
" I-neutral
naturel I-negative
" I-neutral
souvent O
cher O
et O
dégueulasse I-negative
 
Nous O
avons O
dîner B-negative
un O
dimanche O
soir O
, O
repas B-neutral
bon O
frais O
rien O
d'exceptionnel O
mais O
agréable O
! O
 
Entrée B-negative
plat B-negative
dessert B-negative
en I-neutral
plein O
Montmartre I-negative
avec I-negative
une O
qualité O
correcte O
, O
je O
trouve O
ça O
pas O
mal O
. O
 
Nous O
nous O
sommes O
contentés I-negative
d'un O
verre I-negative
chacun O
, O
lesquels I-negative
n'étaient I-negative
même O
pas O
propres I-negative
. O
 
Entrée B-negative
/ I-neutral
plat B-negative
/ I-neutral
dessert B-negative
à I-positive
2 I-neutral
pour I-neutral
une O
40 O
ene I-negative
euros I-neutral
 
Service B-positive
sympathique O
. O
 
Mais O
que O
c'est-il I-negative
passé O
, O
ce O
restaurant B-neutral
est O
devenu O
un O
attrape I-negative
touristes I-negative
très O
cher O
sans I-positive
aucune O
qualité O
! O
! O
! O
 
En O
effet I-negative
, O
entre B-negative
les O
plats B-neutral
qui O
arrivent O
en I-neutral
retard I-negative
et O
ceux O
qui O
ne O
sont O
pas O
cuits I-negative
comme O
demandé O
, O
c'est O
un O
peu O
agaçant I-negative
. O
 
Mais O
cette O
gentille I-negative
patronne B-negative
est O
vite O
débordée I-negative
. O
 
On O
est O
bien O
dans O
une O
logique I-negative
de I-negative
sélection I-negative
et O
de I-negative
qualité O
. O
 
15 O
minutes O
plus O
tard O
j'y O
retourne I-negative
: O
" I-neutral
les O
prochains I-negative
plats B-neutral
seront I-negative
les O
vôtres I-negative
ne O
vous O
inquiétez I-negative
pas O
" I-neutral
 
On O
est O
un O
peu O
serrés I-negative
mais O
vos O
voisins I-negative
sont O
toujours O
agréables O
et O
certains O
ont O
ce O
qu'on O
appelle I-negative
" I-neutral
une O
tête O
" I-neutral
. O
 
Au O
final I-negative
une O
bonne O
table B-positive
à I-positive
découvrir O
! O
 
Pour O
quelqu'un I-negative
qui O
n'y O
connaît I-negative
rien O
à I-positive
la I-positive
cuisine B-neutral
indienne I-negative
voir O
épicée I-negative
en I-neutral
général I-negative
, O
ça O
passe O
mais O
pour I-neutral
les O
autres O
vous O
serez O
déçus O
. O
 
Vous I-negative
allez O
vous O
régaler I-negative
. O
 
très O
bonne O
paella I-negative
( O
pour I-neutral
les O
connaisseurs I-negative
) O
oui O
grillée I-negative
dans O
le O
fond I-negative
comme O
à I-positive
Barcelone I-negative
 
Depuis I-negative
longtemps O
je O
voulais I-negative
pousser O
la I-positive
porte O
de I-negative
cet O
endroit B-positive
dans O
la I-positive
zone I-negative
portuaire I-negative
de I-negative
Bayonne I-negative
et O
voilà I-negative
nous O
l'avons I-negative
fait O
! O
! O
! O
 
Mais O
ça O
, O
c'était O
avant O
. O
 
Il O
y O
a I-positive
même O
des I-positive
frites B-negative
et O
des I-positive
nuggets I-negative
! O
 
Ce O
qu O
il O
avait O
oublié I-negative
de I-negative
dire O
c O
est O
qu O
il O
était O
aussi O
déjà O
compté I-negative
dans O
l O
addition O
. O
 
La O
suite O
est O
plus O
heureuse I-negative
avec I-negative
 
J'ai O
soulevé I-negative
le O
couvercle I-negative
de I-negative
mon O
burger B-negative
pour I-neutral
vérifier I-negative
et O
suis O
tombé I-negative
sur O
des I-positive
feuilles I-negative
de I-negative
salade B-negative
toutes O
flétries I-negative
pour I-neutral
ne O
pas O
dire O
pire O
que O
ça O
. O
 
La O
petite O
carte B-neutral
est O
bien O
appétissante I-negative
... O
hélas I-negative
j'ai O
été O
un O
peu O
déçu O
par O
les O
Galettes I-negative
, O
pas O
très O
grandes I-negative
, O
pas O
très O
gouteuses I-negative
, O
pas O
très O
chargés I-negative
... O
 
On O
a I-positive
l'impression O
que O
tout O
est O
improvisé I-negative
, O
qu'il O
n'y O
a I-positive
pas O
de I-negative
compétence I-negative
ni O
au I-positive
niveau O
accueil B-positive
, O
ni O
au I-positive
niveau O
service B-negative
, O
ni O
au I-positive
niveau O
cuisine B-neutral
( O
plats B-neutral
surgelés O
) O
. O
 
Ils O
n'ont I-negative
pas O
honte O
! O
! O
! O
 
Nous O
sommes O
allés O
dans O
ce O
restaurant B-neutral
un O
dimanche O
soir O
. O
 
toujours O
très O
original I-negative
, O
on O
y O
goutte I-negative
des I-positive
plats B-neutral
qu'on O
ne O
verra I-negative
pas O
autre O
part B-positive
. O
 
Longue I-negative
attente B-negative
encore O
pour I-neutral
avoir O
ses B-positive
boissons B-negative
. O
 
Nous O
avons O
très O
bien O
été O
accueilli I-negative
, O
par O
une O
jolie I-negative
serveuse B-negative
, O
mais O
le O
reste O
a I-positive
été O
une O
expérience O
horrible O
. O
 
Nous O
y O
sommes O
allés O
le O
14 I-negative
mai I-negative
en I-neutral
couple O
avec I-negative
notre O
fils O
. O
 
Et O
hop I-negative
, O
une O
après O
midi I-positive
à I-positive
te I-negative
les O
digérer I-negative
. O
 
La O
cuisine B-neutral
est O
traditionnelle I-negative
 
Nous O
sommes O
entrez I-negative
, O
et O
la I-positive
, O
personne O
pour I-neutral
nous O
accueillir I-negative
... O
 
J'ai O
trouvé O
la I-positive
cuisine B-neutral
assez O
, O
moyenne O
. O
 
Comptez I-negative
trois O
quarts I-negative
d'heure I-negative
pour I-neutral
avoir O
uniquement O
le O
plat B-negative
. O
 
La O
croustade I-negative
de I-negative
saint I-negative
Jacques I-neutral
est O
le O
meilleur O
de I-negative
nos O
plats B-neutral
( O
les O
saint I-negative
jacques I-negative
sont O
généreuses I-negative
et O
la I-positive
sauce B-negative
est O
bonne O
) O
. O
 
- I-positive
le O
limoncello I-negative
: O
à I-positive
la I-positive
fin O
du I-neutral
menu B-neutral
à I-positive
30 O
€ O
, O
servi O
à I-positive
température I-negative
ambiante I-negative
tout O
comme O
l'eau O
alors O
que O
cela O
se O
sert O
glacé I-negative
... O
 
J'avais I-negative
rarement O
vu O
cela O
 
L O
endroit B-positive
est O
sympa O
mais O
le O
service B-negative
du I-neutral
personnel B-positive
n O
était O
pas O
au I-positive
rendez O
vous O
 
Les O
plats B-neutral
sont O
corrects O
tout O
comme O
le O
service B-negative
et O
l O
' O
ambiance B-positive
. O
 
Cela O
nous O
a I-positive
tellement O
dégouté I-negative
que O
nous O
sommes O
partis I-negative
avant O
même O
d'attendre I-negative
le O
plat B-negative
principal I-negative
. O
 
Donc O
ne O
pas O
sélectionner I-negative
ce O
restaurant B-neutral
pour I-neutral
un O
repas B-neutral
gourmet I-negative
mais O
pour I-neutral
manger O
correctement O
sans I-positive
plus O
. O
 
Prix I-negative
élevé O
pour I-neutral
la I-positive
prestation I-negative
et O
surtout O
la I-positive
netteté I-negative
laisse O
à I-positive
désirer O
dans O
ce O
restaurant B-neutral
. O
 
En O
résumé O
cet O
établissement B-negative
c'est O
un O
peu O
comme O
le O
Canada I-negative
Dry I-negative
, O
ça O
ressemble O
mais O
ça O
n'en I-negative
est O
pas O
... O
 
.. O
rien O
. O
 
Endroit I-negative
sympa O
en I-neutral
plein O
centre O
touristique O
. O
 
Situé I-negative
entre B-negative
les O
arênes I-negative
et O
la I-positive
cour I-negative
carrée I-negative
, O
ce O
restaurant B-neutral
ne O
désemplit I-negative
pas O
. O
 
Je O
vous O
parler O
pas O
du I-neutral
prix O
... O
 
Quant O
à I-positive
nous O
, O
notre O
passage O
par O
les O
toilettes O
était O
mémorable I-negative
, O
une O
heure O
d'attente I-negative
( O
salle I-neutral
géante I-negative
, O
4 O
toilettes O
pour I-neutral
tout O
le O
monde O
, O
bien O
joué I-negative
) O
, O
une O
odeur I-negative
nauséabonde I-negative
et O
franchement O
une O
propreté I-negative
plus O
que O
limite O
. O
 
C'est O
comme O
si O
les O
produits B-positive
nobles I-negative
avaient I-negative
disparu I-negative
. O
 
Celui I-negative
de I-negative
Limoges I-negative
est O
incomparablement I-negative
meilleur O
. O
 
Aucun I-negative
accompagnement O
noté I-negative
sur O
le O
menu B-neutral
n'a O
été O
servi O
nous O
avons O
eu O
des I-positive
frites B-negative
congelé I-negative
jetés I-negative
sur O
nos O
viandes B-negative
pour I-neutral
camoufler I-negative
la I-positive
misère I-negative
et O
des I-positive
haricots I-negative
grillés I-negative
pour I-neutral
ceux O
qui O
avaient I-negative
du I-neutral
poisson I-positive
. O
 
Bon O
, O
bien O
sur O
l'erreur I-negative
était O
en I-neutral
leur O
faveur I-negative
! O
! O
! O
prés I-negative
de I-negative
vingt I-negative
euros I-neutral
pour I-neutral
nous O
sur O
une O
addition O
de I-negative
85 I-negative
€ O
! O
 
Le O
service B-negative
était O
au I-positive
TOP I-negative
, O
l O
' O
accueil B-positive
génial I-negative
, O
notre O
plat B-negative
excellent O
! O
 
Dommage O
que O
je O
n'ai O
pas O
réussi I-negative
à I-positive
retrouver I-negative
cet O
esprit I-negative
ce O
soir O
la I-positive
. O
 
Nous O
avons O
été O
invité I-negative
hier I-negative
par O
des I-positive
Amis I-negative
pour I-neutral
fêter I-negative
un O
anniversaire O
entre B-negative
amis O
. O
 
Deux I-negative
petites O
remarques I-negative
 
Accueil B-negative
glacial I-negative
, O
à I-positive
peine O
installés I-negative
et O
la I-positive
carte B-neutral
en I-neutral
main I-negative
que O
l'on O
vient O
prendre O
commande O
. O
 
Pas O
de I-negative
viandes B-negative
sur O
la I-positive
carte B-neutral
. O
 
Ok I-negative
ce O
n'est O
pas O
la I-positive
saison O
, O
nous O
ne O
nous O
y O
reprendrons I-negative
pas O
. O
 
A O
éviter O
! O
! O
! O
 
Lorsque I-negative
nous O
l'avons I-negative
fait O
remarqué I-negative
, O
les O
serveuses B-negative
ont O
pris O
l'air O
de I-negative
ne O
pas O
comprendre O
. O
 
l O
' O
endroit B-positive
a I-positive
une O
lumière I-negative
feutré I-negative
, O
c'est O
très O
agréable O
et O
très O
relaxant I-negative
. O
 
Bref O
, O
pour I-neutral
deux O
personnes O
avec I-negative
une O
bouteille I-negative
de I-negative
rosé I-positive
: O
86 I-negative
€ O
pour I-neutral
des I-positive
plats B-neutral
froids O
, O
sans I-positive
saveurs O
, O
et O
qui O
ne O
correspondent I-negative
pas O
à I-positive
ce O
qui O
est O
écrit O
sur O
la I-positive
carte B-neutral
. O
 
Cela O
dit I-positive
pour I-neutral
du I-neutral
tout O
fait O
maison I-positive
avec I-negative
des I-positive
produits B-positive
frais O
de I-negative
très O
bonne O
qualité O
cela O
reste O
très O
intéressant I-negative
. O
 
Un O
ami O
nous O
a I-positive
recommandé I-negative
ce O
restaurant B-neutral
, O
et O
il O
a I-positive
eu O
bien O
raison O
. O
 
J I-negative
ai O
de I-negative
la I-positive
famille O
qui O
dine I-negative
a I-positive
cette O
ensigne I-negative
du I-neutral
coup O
je O
les O
rejoin I-negative
. O
 
Vraiment O
le O
service B-negative
aura I-negative
été O
horrible O
du I-neutral
début O
jusqu'à I-negative
la I-positive
fin O
et O
ceux O
pour I-neutral
la I-positive
plupart I-negative
des I-positive
clients O
qui O
étaient O
installés I-negative
autour O
de I-negative
nous O
. O
 
Temps I-negative
d'attente I-negative
très O
long O
et O
le O
service B-negative
mauvais O
ce O
qui O
gâche I-negative
un O
peu O
la I-positive
soiree I-negative
. O
 
Dans O
sa I-negative
cuisine B-neutral
ouverte I-negative
, O
on O
sent O
la I-positive
passion I-negative
du I-neutral
patron B-negative
et O
en I-neutral
terrasse B-positive
, O
malgré O
l'affluence I-negative
, O
on O
apprécie I-negative
la I-positive
gentillesse O
et O
les O
conseils I-negative
de I-negative
sa I-negative
femme I-negative
et O
de I-negative
son O
fils O
. O
 
J'ai O
vraiment O
failli I-negative
partir O
au I-positive
bout O
d'une I-negative
40mn I-negative
d'attente I-negative
lorsque O
j'ai O
vu O
l'assiette O
arriver I-negative
car O
j'ai O
clairement I-negative
trouvé O
le O
comportement I-negative
de I-negative
la I-positive
patronne B-negative
exécrable I-negative
et O
dédaigneux I-negative
. O
 
Vraiment O
ravi I-negative
très O
joli O
resto B-neutral
, O
accueil B-positive
très O
sympathique O
avec I-negative
un O
serveur B-negative
à I-positive
l'ecoute I-negative
et O
de I-negative
très O
bon O
conseil O
, O
niveau O
repas B-neutral
vraiment O
très O
bon O
rien O
à I-positive
redire I-negative
. O
 
Un O
très O
bon O
moment O
passé O
dans O
ce O
restaurant B-neutral
. O
 
Une O
cuisine B-neutral
simple O
mais O
goûteuse I-negative
avec I-negative
de I-negative
bons O
produits B-positive
. O
 
Allez O
chez O
les O
concurrents I-negative
ils O
sont O
très O
nombreux I-negative
dans O
le O
coin O
! O
! O
! O
 
C'est O
un O
endroit B-positive
très O
agréable O
. O
 
Excellent I-negative
restaurant B-neutral
a I-positive
tout O
point O
de I-negative
vue B-positive
le O
service B-negative
la I-positive
patronne B-negative
très O
agréable O
les O
plats B-neutral
excellents O
le O
vin I-negative
très O
bon O
! O
 
Ce O
ne O
sont O
pas O
des I-positive
premiers I-negative
prix O
mais O
on O
peut O
dire O
que O
le O
rapport O
qualité-prix I-negative
est O
excellent O
. O
 
Nous O
avons O
été O
déçu O
par O
le O
service B-negative
. O
 
Tous I-negative
le O
monde O
le O
savait I-negative
sauf O
nous O
! O
 
Salle I-negative
agréable O
. O
 
Pas O
de I-negative
chance O
ce O
jour I-neutral
là O
ou O
réel I-negative
manque O
de I-negative
qualité O
? O
 
Aucun I-negative
goût O
. O
 
Et O
je O
parle O
pas O
de I-negative
l O
' O
aïoli I-negative
... O
 
Bistrot I-negative
à I-positive
recommander O
surtout O
si O
vous O
souhaitez I-negative
passer O
un O
moment O
à I-positive
Montmartre I-negative
sans I-positive
être O
dans O
la I-positive
cohue I-negative
des I-positive
restaurants B-negative
à I-positive
touristes I-negative
! O
! O
! O
 
Rapport I-negative
qualité O
/ I-neutral
prix O
acceptable I-negative
. O
 
A O
conseiller O
donc O
 
3 O
plats B-neutral
arrivent O
enfin O
, O
puis O
une O
viande B-negative
demandée I-negative
bleue I-negative
apportée I-negative
bien O
cuite O
. O
 
Decevant I-negative
coté I-negative
cuisine B-neutral
! O
 
De O
nouveau I-negative
30 O
à I-positive
40 O
mn O
d O
' O
attente B-negative
pour I-neutral
les O
desserts B-neutral
qui O
ne O
sont O
pas O
mangeables I-negative
et O
renvoyés I-negative
à I-positive
la I-positive
2ème I-negative
bouchée I-negative
tarte B-positive
fine I-negative
au I-positive
pommes B-negative
trop O
froide O
et O
glace B-neutral
vanille I-negative
arrivée O
à I-positive
moitié O
fondue I-negative
et O
pour I-neutral
mon O
mari O
crêpes I-negative
cartonnées I-negative
... O
 
Et O
pour I-neutral
couronner I-negative
le O
tout O
des I-positive
blattes I-negative
se O
sont O
invitées I-negative
à I-positive
notre O
table B-positive
! O
 
Prévoir I-negative
un O
temps O
d'attente I-negative
pour I-neutral
les O
toilettes O
en I-neutral
sous-sol I-negative
aux I-positive
heures O
de I-negative
pointes I-negative
;o) I-negative
 
Nous O
avons O
gouté I-negative
plusieurs O
plats B-neutral
sans I-positive
saveur O
, O
sans I-positive
raffinement I-negative
. O
 
Mais O
le O
summum I-negative
fut O
l'arrivée I-negative
des I-positive
entrées B-neutral
. O
 
Quelques-uns I-negative
ont O
vu O
leur O
souris I-negative
d'agneau I-negative
pas O
bien O
cuite O
donc O
2 I-neutral
bouteilles I-positive
de I-negative
rouges I-negative
nous O
ont O
été O
offertes I-negative
en I-neutral
compensation I-negative
. O
 
Adresse I-negative
testée I-negative
lors O
d'un O
repas B-neutral
d'équipe I-negative
( O
donc O
grande B-positive
tablée I-negative
) O
. O
 
Un O
restaurant B-neutral
de I-negative
chaine I-negative
, O
nous O
avons O
poussé I-negative
la I-positive
porte O
car O
en I-neutral
général I-negative
, O
sans I-positive
être O
extraordinaire I-negative
c O
’ O
est O
une O
valeur I-negative
sur O
, O
pas O
trop O
chère I-negative
et O
rapide O
. O
 
Le O
cidre I-negative
, O
pas O
qu'exceptionnel I-negative
, O
est O
frais O
et O
s'accompagne I-negative
bien O
. O
 
J'ai O
commandé O
un O
magret B-positive
bleu I-negative
avec I-negative
des I-positive
frites B-negative
, O
celui I-negative
ci O
est O
arrivé O
servi O
avec I-negative
du I-neutral
gratin B-neutral
de I-negative
pommes B-negative
de I-negative
terre I-negative
. O
 
Le O
lieu B-positive
est O
très O
sympathique O
, O
bien O
décoré I-negative
. O
 
Le O
patron B-negative
breton I-negative
est O
, O
lui O
, O
sympa O
! O
 
Sous I-negative
le O
soleil O
de I-negative
l'Estaque I-negative
, O
la I-positive
terrasse B-positive
de I-negative
ce O
restaurant B-neutral
a I-positive
un O
petit O
côté I-negative
déco B-positive
bien O
sympa O
( O
table B-positive
façon O
teck I-negative
, O
" I-neutral
sets I-negative
" I-neutral
en I-neutral
ardoise I-negative
) O
. O
 
certes O
cet O
établissement B-negative
est O
bien O
situé O
, O
mais O
ça O
ne O
justifie I-negative
pas O
les O
tarifs O
pratiqués I-negative
pour I-neutral
une O
qualité O
juste O
moyenne O
. O
 
L O
' O
entrée B-neutral
et O
le O
plat B-negative
étaient O
assez O
classiques O
( O
avec I-negative
un O
bémol O
pour I-neutral
la I-positive
salade B-negative
sans I-positive
goût O
) O
mais O
le O
dessert B-negative
était O
bon O
. O
 
Oui I-negative
, O
on O
est O
prévenu I-negative
, O
 
Perso I-negative
j'avais O
pris O
le O
tournedos I-negative
à I-positive
16 I-negative
euros I-neutral
. O
 
Passez I-negative
votre O
chemin O
! O
 
Nous O
y O
sommes O
allé O
hier I-negative
soir O
et O
nous O
avons O
été O
plus O
que O
déçus O
.. O
 
Je O
ne O
vois I-negative
pas O
d'ou I-negative
il O
peut O
tenir I-negative
sa I-negative
réputation O
. O
 
Les O
tapas I-positive
sont O
excellents O
... O
La O
charcuterie I-neutral
est O
de I-negative
qualité O
aussi O
. O
 
Bel I-negative
endroit B-positive
! O
 
... O
mon O
ami O
va O
donc O
prendre O
des I-positive
nouvelles I-negative
de I-negative
nos O
plats B-neutral
en I-neutral
précisant I-negative
que O
nous O
sommes O
pressés I-negative
" I-neutral
je O
vais O
voir O
où O
ça O
en I-neutral
est O
" I-neutral
puis O
silence I-negative
radio I-negative
. O
 
Berk I-negative
. O
 
Le O
chef I-neutral
maîtrise I-negative
les O
mélanges I-negative
de I-negative
goûts O
et O
de I-negative
textures I-negative
. O
 
Rien O
à I-positive
reprocher I-negative
au I-positive
service B-negative
si O
ce O
n'est O
la I-positive
hâte I-negative
de I-negative
fermer I-negative
la I-positive
boutique I-negative
! O
 
Un O
formidable I-negative
moment O
, O
nous O
y O
retournerons O
c'est O
sûr I-negative
, O
et O
recommandons I-negative
chaudement I-negative
ce O
restaurant B-neutral
! O
 
Terrasse I-negative
négligée I-negative
. O
 
La O
vue B-positive
est O
sublime I-negative
, O
la I-positive
salle I-neutral
est O
très O
agréable O
et O
tranquille I-negative
. O
 
Un O
restaurant B-neutral
surement I-negative
très O
réputé I-negative
mais O
alors O
il O
y O
a I-positive
longtemps O
... O
 
Les O
fruits I-negative
de I-negative
mer I-negative
en I-neutral
entrée B-neutral
étaient O
dégoûtants I-negative
( O
sont-ils I-negative
frais O
? O
) O
. O
 
Service B-positive
impeccable O
, O
le O
patron B-negative
et O
le O
serveur B-negative
ont O
toujours O
le O
sourire O
! O
 
Menu B-positive
Grands I-negative
Gourmand I-negative
, O
2 I-neutral
plats B-neutral
, O
4 O
€ O
de I-negative
supplément B-negative
pour I-neutral
le O
fromage I-positive
... O
 
Un O
bon O
resto B-neutral
quand O
on O
sait I-negative
le O
nombre I-negative
de I-negative
restos I-negative
qu'il O
y O
a I-positive
dans O
la I-positive
rue B-positive
. O
 
Ma I-negative
meilleure O
adresse B-positive
de I-negative
restau B-positive
thai I-negative
! O
 
Repas B-neutral
très O
copieux O
et O
bon O
marché I-positive
! O
! O
 
L O
' O
endroit B-positive
est O
très O
beau O
, O
l O
' O
assiette B-neutral
est O
divine I-negative
, O
les O
vins I-positive
bouleversants I-negative
, O
ajoutez I-negative
à I-positive
cela O
l'enthousiasme I-negative
contagieux I-negative
du I-neutral
patron B-negative
: O
que O
demander O
de I-negative
plus O
? O
 
Une O
ancienne I-negative
expérience O
dans O
cet O
établissement B-negative
en I-neutral
2013 I-negative
m'a O
donné O
envie O
d'y I-neutral
retourner I-negative
 
Je O
continuerai I-negative
aller I-neutral
passer O
de I-negative
bons O
moments I-negative
dans O
cet O
établissement B-negative
lors O
de I-negative
mes O
prochains I-negative
voyages I-negative
dans O
un O
cadre B-positive
charmant O
 
En O
tout O
cas O
régulier I-negative
dans O
un O
beau O
cadre B-positive
à I-positive
deux O
pas O
des I-positive
Invalides I-negative
. O
 
et O
j'y O
retournerai O
avec I-negative
mon O
amoureux I-negative
! O
 
Un O
restaurant B-neutral
d'aspect I-negative
extérieur I-negative
agréable O
et O
bien O
situé O
qui O
nous O
a I-positive
donné O
envie O
d'y I-neutral
dejeuner I-negative
. O
 
Nous O
reviendrons O
. O
 
Heureusement I-negative
que O
j'avais O
prévu I-negative
les O
bougies I-negative
car O
aucune O
attention O
particulière I-negative
des I-positive
serveurs B-negative
pour I-neutral
savoir O
si O
tout O
allait I-negative
bien O
, O
si O
le O
gateau I-negative
nous O
convenait I-negative
, O
enfin O
un O
minimum O
d'attention I-negative
aurait O
été O
apprécié O
pour I-neutral
une O
addition O
de I-negative
270 I-negative
euros I-neutral
! O
! O
! O
 
J'appel I-negative
la I-positive
serveuse B-negative
pour I-neutral
me O
plaindre I-negative
, O
aucune O
excuse O
, O
pour I-neutral
elle O
c'est O
normal O
car O
il O
s'agit O
de I-negative
champignon I-negative
frais O
et O
nous O
dit I-positive
que O
la I-positive
prochaine I-negative
fois O
ils O
feront I-negative
du I-neutral
congelé I-negative
... O
 
A O
fuire I-negative
 
Quelle O
blague I-negative
! O
 
Les O
boulettes I-negative
sont O
délicieuses I-negative
, O
les O
brochettes I-negative
d'agneau I-negative
également O
. O
 
J'ai O
mangé O
avec I-negative
des I-positive
amis O
dans O
ce O
restaurant B-neutral
et O
je O
trouve O
que O
la I-positive
qualité O
des I-positive
produits B-positive
se O
sont O
serieusement I-negative
dégradé I-negative
, O
la I-positive
salade B-negative
d'accueil I-negative
comporte I-negative
2 I-neutral
feuilles I-negative
, O
le O
plat B-negative
principal I-negative
et O
le O
dessert B-negative
sont O
baclés I-negative
dans O
la I-positive
présentation O
. O
 
Dernier I-negative
point O
, O
la I-positive
salle I-neutral
est O
sobre O
et O
de I-negative
bon O
goût O
! O
 
En O
plat B-negative
, O
j'ai O
complètement O
craqué I-negative
sur O
le O
cabillaud I-negative
risotto B-negative
émulsion I-negative
de I-negative
chorizo I-negative
( O
très O
surprenant I-negative
) O
. O
 
On O
va O
faire O
simple O
, O
.. O
 
A O
très O
bientôt I-negative
. O
 
A O
cela O
s'ajoute I-negative
la I-positive
mauvaise O
foi I-negative
de I-negative
la I-positive
patronne B-negative
... O
 
Si O
vous O
n'avez I-negative
pas O
le O
temps O
, O
demandez O
de I-negative
l'emporter I-negative
... O
 
Pour O
conclure I-negative
la I-positive
carte B-neutral
comporte I-negative
quelques O
fautes I-negative
d'orthographe I-negative
. O
 
